Component: ARM Compiler 5.06 update 6 (build 750) Tool: armlink [4d35ed]

==============================================================================

Section Cross References

    bme280_application.o(i.print_sensor_data) refers to _printf_percent.o(.ARM.Collect$$_printf_percent$$00000000) for _printf_percent
    bme280_application.o(i.print_sensor_data) refers to _printf_f.o(.ARM.Collect$$_printf_percent$$00000003) for _printf_f
    bme280_application.o(i.print_sensor_data) refers to printf1.o(x$fpl$printf1) for _printf_fp_dec
    bme280_application.o(i.print_sensor_data) refers to ddiv.o(x$fpl$ddiv) for __aeabi_ddiv
    bme280_application.o(i.print_sensor_data) refers to noretval__2printf.o(.text) for __2printf
    bme280_application.o(i.stream_sensor_data_forced_mode) refers to bme280.o(i.bme280_set_sensor_settings) for bme280_set_sensor_settings
    bme280_application.o(i.stream_sensor_data_forced_mode) refers to noretval__2printf.o(.text) for __2printf
    bme280_application.o(i.stream_sensor_data_forced_mode) refers to bme280.o(i.bme280_set_sensor_mode) for bme280_set_sensor_mode
    bme280_application.o(i.stream_sensor_data_forced_mode) refers to bme280.o(i.bme280_get_sensor_data) for bme280_get_sensor_data
    bme280_application.o(i.stream_sensor_data_forced_mode) refers to bme280_application.o(i.print_sensor_data) for print_sensor_data
    bme280_application.o(i.stream_sensor_data_normal_mode) refers to bme280.o(i.bme280_set_sensor_settings) for bme280_set_sensor_settings
    bme280_application.o(i.stream_sensor_data_normal_mode) refers to bme280.o(i.bme280_set_sensor_mode) for bme280_set_sensor_mode
    bme280_application.o(i.stream_sensor_data_normal_mode) refers to noretval__2printf.o(.text) for __2printf
    bme280_application.o(i.stream_sensor_data_normal_mode) refers to bme280.o(i.bme280_get_sensor_data) for bme280_get_sensor_data
    bme280_application.o(i.stream_sensor_data_normal_mode) refers to bme280_application.o(i.print_sensor_data) for print_sensor_data
    bme280.o(i.bme280_compensate_data) refers to bme280.o(i.compensate_temperature) for compensate_temperature
    bme280.o(i.bme280_compensate_data) refers to bme280.o(i.compensate_pressure) for compensate_pressure
    bme280.o(i.bme280_compensate_data) refers to bme280.o(i.compensate_humidity) for compensate_humidity
    bme280.o(i.bme280_get_regs) refers to bme280.o(i.null_ptr_check) for null_ptr_check
    bme280.o(i.bme280_get_sensor_data) refers to bme280.o(i.null_ptr_check) for null_ptr_check
    bme280.o(i.bme280_get_sensor_data) refers to bme280.o(i.bme280_get_regs) for bme280_get_regs
    bme280.o(i.bme280_get_sensor_data) refers to bme280.o(i.bme280_parse_sensor_data) for bme280_parse_sensor_data
    bme280.o(i.bme280_get_sensor_data) refers to bme280.o(i.bme280_compensate_data) for bme280_compensate_data
    bme280.o(i.bme280_get_sensor_mode) refers to bme280.o(i.null_ptr_check) for null_ptr_check
    bme280.o(i.bme280_get_sensor_mode) refers to bme280.o(i.bme280_get_regs) for bme280_get_regs
    bme280.o(i.bme280_get_sensor_settings) refers to bme280.o(i.null_ptr_check) for null_ptr_check
    bme280.o(i.bme280_get_sensor_settings) refers to bme280.o(i.bme280_get_regs) for bme280_get_regs
    bme280.o(i.bme280_get_sensor_settings) refers to bme280.o(i.parse_device_settings) for parse_device_settings
    bme280.o(i.bme280_init) refers to bme280.o(i.null_ptr_check) for null_ptr_check
    bme280.o(i.bme280_init) refers to bme280.o(i.bme280_get_regs) for bme280_get_regs
    bme280.o(i.bme280_init) refers to bme280.o(i.bme280_soft_reset) for bme280_soft_reset
    bme280.o(i.bme280_init) refers to bme280.o(i.get_calib_data) for get_calib_data
    bme280.o(i.bme280_set_regs) refers to bme280.o(i.null_ptr_check) for null_ptr_check
    bme280.o(i.bme280_set_regs) refers to bme280.o(i.interleave_reg_addr) for interleave_reg_addr
    bme280.o(i.bme280_set_sensor_mode) refers to bme280.o(i.null_ptr_check) for null_ptr_check
    bme280.o(i.bme280_set_sensor_mode) refers to bme280.o(i.bme280_get_sensor_mode) for bme280_get_sensor_mode
    bme280.o(i.bme280_set_sensor_mode) refers to bme280.o(i.put_device_to_sleep) for put_device_to_sleep
    bme280.o(i.bme280_set_sensor_mode) refers to bme280.o(i.write_power_mode) for write_power_mode
    bme280.o(i.bme280_set_sensor_settings) refers to bme280.o(i.null_ptr_check) for null_ptr_check
    bme280.o(i.bme280_set_sensor_settings) refers to bme280.o(i.bme280_get_sensor_mode) for bme280_get_sensor_mode
    bme280.o(i.bme280_set_sensor_settings) refers to bme280.o(i.put_device_to_sleep) for put_device_to_sleep
    bme280.o(i.bme280_set_sensor_settings) refers to bme280.o(i.are_settings_changed) for are_settings_changed
    bme280.o(i.bme280_set_sensor_settings) refers to bme280.o(i.set_osr_settings) for set_osr_settings
    bme280.o(i.bme280_set_sensor_settings) refers to bme280.o(i.set_filter_standby_settings) for set_filter_standby_settings
[...]
    Removing stm32f10x_spi.o(i.SPI_StructInit), (24 bytes).
    Removing stm32f10x_spi.o(i.SPI_TransmitCRC), (10 bytes).
    Removing delay.o(i.delay_ms), (76 bytes).
    Removing delay.o(i.delay_us), (76 bytes).

115 unused section(s) (total 4150 bytes) removed from the image.

==============================================================================

Image Symbol Table

    Local Symbols

    Symbol Name                              Value     Ov Type        Size  Object(Section)

    ../clib/angel/boardlib.s                 0x00000000   Number         0  boardinit3.o ABSOLUTE
    ../clib/angel/boardlib.s                 0x00000000   Number         0  boardinit2.o ABSOLUTE
    ../clib/angel/boardlib.s                 0x00000000   Number         0  boardinit1.o ABSOLUTE
    ../clib/angel/boardlib.s                 0x00000000   Number         0  boardshut.o ABSOLUTE
    ../clib/angel/handlers.s                 0x00000000   Number         0  __scatter_zi.o ABSOLUTE
    ../clib/angel/handlers.s                 0x00000000   Number         0  __scatter_copy.o ABSOLUTE
    ../clib/angel/kernel.s                   0x00000000   Number         0  rtexit2.o ABSOLUTE
    ../clib/angel/kernel.s                   0x00000000   Number         0  __rtentry2.o ABSOLUTE
    ../clib/angel/kernel.s                   0x00000000   Number         0  __rtentry4.o ABSOLUTE
    ../clib/angel/kernel.s                   0x00000000   Number         0  __rtentry.o ABSOLUTE
    ../clib/angel/kernel.s                   0x00000000   Number         0  rtexit.o ABSOLUTE
    ../clib/angel/rt.s                       0x00000000   Number         0  rt_locale_intlibspace.o ABSOLUTE
    ../clib/angel/rt.s                       0x00000000   Number         0  rt_locale.o ABSOLUTE
    ../clib/angel/rt.s                       0x00000000   Number         0  rt_raise.o ABSOLUTE
    ../clib/angel/scatter.s                  0x00000000   Number         0  __scatter.o ABSOLUTE
    ../clib/angel/startup.s                  0x00000000   Number         0  __main.o ABSOLUTE
    ../clib/angel/sys.s                      0x00000000   Number         0  use_no_semi_2.o ABSOLUTE
    ../clib/angel/sys.s                      0x00000000   Number         0  use_no_semi.o ABSOLUTE
    ../clib/angel/sys.s                      0x00000000   Number         0  sys_stackheap_outer.o ABSOLUTE
    ../clib/angel/sys.s                      0x00000000   Number         0  libspace.o ABSOLUTE
    ../clib/angel/sys.s                      0x00000000   Number         0  indicate_semi.o ABSOLUTE
    ../clib/angel/sysapp.c                   0x00000000   Number         0  sys_command.o ABSOLUTE
    ../clib/angel/sysapp.c                   0x00000000   Number         0  sys_wrch.o ABSOLUTE
    ../clib/armsys.c                         0x00000000   Number         0  no_argv.o ABSOLUTE
    ../clib/armsys.c                         0x00000000   Number         0  _get_argv_nomalloc.o ABSOLUTE
    ../clib/armsys.c                         0x00000000   Number         0  argv_veneer.o ABSOLUTE
    ../clib/armsys.c                         0x00000000   Number         0  argv_veneer.o ABSOLUTE
    ../clib/bigflt.c                         0x00000000   Number         0  bigflt0.o ABSOLUTE
    ../clib/btod.s                           0x00000000   Number         0  btod.o ABSOLUTE
    ../clib/heapalloc.c                      0x00000000   Number         0  hrguard.o ABSOLUTE
    ../clib/heapaux.c                        0x00000000   Number         0  heapauxi.o ABSOLUTE
    ../clib/libinit.s                        0x00000000   Number         0  libshutdown.o ABSOLUTE
    ../clib/libinit.s                        0x00000000   Number         0  libinit.o ABSOLUTE
    ../clib/libinit.s                        0x00000000   Number         0  libinit2.o ABSOLUTE
    ../clib/libinit.s                        0x00000000   Number         0  libshutdown2.o ABSOLUTE
    ../clib/locale.s                         0x00000000   Number         0  lc_numeric_c.o ABSOLUTE
    ../clib/longlong.s                       0x00000000   Number         0  lludiv10.o ABSOLUTE
    ../clib/memcpset.s                       0x00000000   Number         0  strcmpv7m.o ABSOLUTE
    ../clib/memcpset.s                       0x00000000   Number         0  rt_memclr_w.o ABSOLUTE
    ../clib/misc.s                           0x00000000   Number         0  printf_stubs.o ABSOLUTE
    ../clib/printf.c                         0x00000000   Number         0  __printf_flags.o ABSOLUTE
    ../clib/printf.c                         0x00000000   Number         0  __printf.o ABSOLUTE
    ../clib/printf.c                         0x00000000   Number         0  noretval__2printf.o ABSOLUTE
    ../clib/printf.c                         0x00000000   Number         0  _printf_fp_dec.o ABSOLUTE
    ../clib/printf.c                         0x00000000   Number         0  _printf_fp_infnan.o ABSOLUTE
    ../clib/printf.c                         0x00000000   Number         0  _printf_char_common.o ABSOLUTE
    ../clib/printf.c                         0x00000000   Number         0  _printf_char_file.o ABSOLUTE
    ../clib/printf.c                         0x00000000   Number         0  __printf_nopercent.o ABSOLUTE
    ../clib/printf.c                         0x00000000   Number         0  __printf_flags_ss_wp.o ABSOLUTE
    ../clib/printf.c                         0x00000000   Number         0  __printf_ss_wp.o ABSOLUTE
    ../clib/printf.c                         0x00000000   Number         0  __printf_flags_wp.o ABSOLUTE
    ../clib/printf.c                         0x00000000   Number         0  __2printf.o ABSOLUTE
    ../clib/printf.c                         0x00000000   Number         0  __printf_wp.o ABSOLUTE
    ../clib/printf.c                         0x00000000   Number         0  __printf_flags_ss.o ABSOLUTE
    ../clib/printf.c                         0x00000000   Number         0  __printf_ss.o ABSOLUTE
    ../clib/printf_percent.s                 0x00000000   Number         0  _printf_f.o ABSOLUTE
    ../clib/printf_percent.s                 0x00000000   Number         0  _printf_percent.o ABSOLUTE
    ../clib/printf_percent.s                 0x00000000   Number         0  _printf_percent_end.o ABSOLUTE
    ../clib/signal.c                         0x00000000   Number         0  defsig_rtmem_formal.o ABSOLUTE
    ../clib/signal.c                         0x00000000   Number         0  defsig_rtmem_outer.o ABSOLUTE
    ../clib/signal.c                         0x00000000   Number         0  defsig_abrt_inner.o ABSOLUTE
    ../clib/signal.c                         0x00000000   Number         0  defsig_cppl_inner.o ABSOLUTE
    ../clib/signal.c                         0x00000000   Number         0  defsig_segv_inner.o ABSOLUTE
    ../clib/signal.c                         0x00000000   Number         0  __raise.o ABSOLUTE
    ../clib/signal.c                         0x00000000   Number         0  defsig_fpe_inner.o ABSOLUTE
    ../clib/signal.c                         0x00000000   Number         0  defsig_rtred_inner.o ABSOLUTE
    ../clib/signal.c                         0x00000000   Number         0  defsig_stak_inner.o ABSOLUTE
    ../clib/signal.c                         0x00000000   Number         0  defsig_rtmem_inner.o ABSOLUTE
    ../clib/signal.c                         0x00000000   Number         0  defsig_exit.o ABSOLUTE
    ../clib/signal.c                         0x00000000   Number         0  defsig_general.o ABSOLUTE
    ../clib/signal.c                         0x00000000   Number         0  defsig_other.o ABSOLUTE
    ../clib/signal.c                         0x00000000   Number         0  defsig_pvfn_inner.o ABSOLUTE
    ../clib/signal.s                         0x00000000   Number         0  defsig.o ABSOLUTE
    ../clib/stdio.c                          0x00000000   Number         0  ferror_locked.o ABSOLUTE
    ../clib/stdio.c                          0x00000000   Number         0  ferror.o ABSOLUTE
    ../clib/stdlib.c                         0x00000000   Number         0  exit.o ABSOLUTE
    ../fplib/daddsub.s                       0x00000000   Number         0  daddsub_clz.o ABSOLUTE
    ../fplib/dcmpi.s                         0x00000000   Number         0  dcmpi.o ABSOLUTE
    ../fplib/ddiv.s                          0x00000000   Number         0  ddiv.o ABSOLUTE
    ../fplib/deqf.s                          0x00000000   Number         0  deqf.o ABSOLUTE
    ../fplib/dfix.s                          0x00000000   Number         0  dfix.o ABSOLUTE
    ../fplib/dflt.s                          0x00000000   Number         0  dflt_clz.o ABSOLUTE
    ../fplib/dleqf.s                         0x00000000   Number         0  dleqf.o ABSOLUTE
    ../fplib/dmul.s                          0x00000000   Number         0  dmul.o ABSOLUTE
    ../fplib/dnaninf.s                       0x00000000   Number         0  dnaninf.o ABSOLUTE
    ../fplib/dretinf.s                       0x00000000   Number         0  dretinf.o ABSOLUTE
    ../fplib/drleqf.s                        0x00000000   Number         0  drleqf.o ABSOLUTE
    ../fplib/fpinit.s                        0x00000000   Number         0  fpinit.o ABSOLUTE
    ../fplib/istatus.s                       0x00000000   Number         0  istatus.o ABSOLUTE
    ../fplib/printf1.s                       0x00000000   Number         0  printf1.o ABSOLUTE
    ../fplib/usenofp.s                       0x00000000   Number         0  usenofp.o ABSOLUTE
    ../mathlib/fpclassify.c                  0x00000000   Number         0  fpclassify.o ABSOLUTE
    ..\Application\BME280_application\bme280_application.c 0x00000000   Number         0  bme280_application.o ABSOLUTE
    ..\Common\USART\USART.c                  0x00000000   Number         0  usart.o ABSOLUTE
    ..\Common\delay\delay.c                  0x00000000   Number         0  delay.o ABSOLUTE
    ..\Drive\BME280_driver\bme280.c          0x00000000   Number         0  bme280.o ABSOLUTE
    ..\Drive\BME280_driver\selftest\bme280_selftest.c 0x00000000   Number         0  bme280_selftest.o ABSOLUTE
    ..\Drive\I2C_Soft\i2c_soft.c             0x00000000   Number         0  i2c_soft.o ABSOLUTE
    ..\Drive\SPI_Hard\spi_hard.c             0x00000000   Number         0  spi_hard.o ABSOLUTE
    ..\Libraries\STM32F10x_LIB\CMSIS\core_cm3.c 0x00000000   Number         0  core_cm3.o ABSOLUTE
    ..\Libraries\STM32F10x_LIB\CMSIS\startup_stm32f10x_md.s 0x00000000   Number         0  startup_stm32f10x_md.o ABSOLUTE
    ..\Libraries\STM32F10x_LIB\CMSIS\system_stm32f10x.c 0x00000000   Number         0  system_stm32f10x.o ABSOLUTE
    ..\Libraries\STM32F10x_LIB\src\misc.c    0x00000000   Number         0  misc.o ABSOLUTE
    ..\Libraries\STM32F10x_LIB\src\stm32f10x_gpio.c 0x00000000   Number         0  stm32f10x_gpio.o ABSOLUTE
    ..\Libraries\STM32F10x_LIB\src\stm32f10x_rcc.c 0x00000000   Number         0  stm32f10x_rcc.o ABSOLUTE
    ..\Libraries\STM32F10x_LIB\src\stm32f10x_spi.c 0x00000000   Number         0  stm32f10x_spi.o ABSOLUTE
    ..\Libraries\STM32F10x_LIB\src\stm32f10x_usart.c 0x00000000   Number         0  stm32f10x_usart.o ABSOLUTE
    ..\\Libraries\\STM32F10x_LIB\\CMSIS\\core_cm3.c 0x00000000   Number         0  core_cm3.o ABSOLUTE
    Config.c                                 0x00000000   Number         0  config.o ABSOLUTE
    dc.s                                     0x00000000   Number         0  dc.o ABSOLUTE
    main.c                                   0x00000000   Number         0  main.o ABSOLUTE
    stm32f10x_it.c                           0x00000000   Number         0  stm32f10x_it.o ABSOLUTE
    RESET                                    0x08000000   Section      236  startup_stm32f10x_md.o(RESET)
    !!!main                                  0x080000ec   Section        8  __main.o(!!!main)
    !!!scatter                               0x080000f4   Section       52  __scatter.o(!!!scatter)
    !!handler_copy                           0x08000128   Section       26  __scatter_copy.o(!!handler_copy)
    !!handler_zi                             0x08000144   Section       28  __scatter_zi.o(!!handler_zi)
    .ARM.Collect$$_printf_percent$$00000000  0x08000160   Section        0  _printf_percent.o(.ARM.Collect$$_printf_percent$$00000000)
    .ARM.Collect$$_printf_percent$$00000003  0x08000160   Section        6  _printf_f.o(.ARM.Collect$$_printf_percent$$00000003)
    .ARM.Collect$$_printf_percent$$00000017  0x08000166   Section        4  _printf_percent_end.o(.ARM.Collect$$_printf_percent$$00000017)
    .ARM.Collect$$libinit$$00000000          0x0800016a   Section        2  libinit.o(.ARM.Collect$$libinit$$00000000)
    .ARM.Collect$$libinit$$00000002          0x0800016c   Section        0  libinit2.o(.ARM.Collect$$libinit$$00000002)
    .ARM.Collect$$libinit$$00000004          0x0800016c   Section        0  libinit2.o(.ARM.Collect$$libinit$$00000004)
    .ARM.Collect$$libinit$$0000000A          0x0800016c   Section        0  libinit2.o(.ARM.Collect$$libinit$$0000000A)
    .ARM.Collect$$libinit$$0000000C          0x0800016c   Section        0  libinit2.o(.ARM.Collect$$libinit$$0000000C)
    .ARM.Collect$$libinit$$0000000E          0x0800016c   Section        0  libinit2.o(.ARM.Collect$$libinit$$0000000E)
    .ARM.Collect$$libinit$$0000000F          0x0800016c   Section        6  libinit2.o(.ARM.Collect$$libinit$$0000000F)
    .ARM.Collect$$libinit$$00000011          0x08000172   Section        0  libinit2.o(.ARM.Collect$$libinit$$00000011)
    .ARM.Collect$$libinit$$00000013          0x08000172   Section        0  libinit2.o(.ARM.Collect$$libinit$$00000013)
    .ARM.Collect$$libinit$$00000015          0x08000172   Section        0  libinit2.o(.ARM.Collect$$libinit$$00000015)
    .ARM.Collect$$libinit$$00000016          0x08000172   Section       10  libinit2.o(.ARM.Collect$$libinit$$00000016)
    .ARM.Collect$$libinit$$00000017          0x0800017c   Section        0  libinit2.o(.ARM.Collect$$libinit$$00000017)
    .ARM.Collect$$libinit$$00000019          0x0800017c   Section        0  libinit2.o(.ARM.Collect$$libinit$$00000019)
    .ARM.Collect$$libinit$$0000001B          0x0800017c   Section        0  libinit2.o(.ARM.Collect$$libinit$$0000001B)
    .ARM.Collect$$libinit$$0000001D          0x0800017c   Section        0  libinit2.o(.ARM.Collect$$libinit$$0000001D)
    .ARM.Collect$$libinit$$0000001F          0x0800017c   Section        0  libinit2.o(.ARM.Collect$$libinit$$0000001F)
    .ARM.Collect$$libinit$$00000021          0x0800017c   Section        0  libinit2.o(.ARM.Collect$$libinit$$00000021)
    .ARM.Collect$$libinit$$00000023          0x0800017c   Section        0  libinit2.o(.ARM.Collect$$libinit$$00000023)
    .ARM.Collect$$libinit$$00000025          0x0800017c   Section        0  libinit2.o(.ARM.Collect$$libinit$$00000025)
    .ARM.Collect$$libinit$$0000002C          0x0800017c   Section        0  libinit2.o(.ARM.Collect$$libinit$$0000002C)
    .ARM.Collect$$libinit$$0000002E          0x0800017c   Section        0  libinit2.o(.ARM.Collect$$libinit$$0000002E)
    .ARM.Collect$$libinit$$00000030          0x0800017c   Section        0  libinit2.o(.ARM.Collect$$libinit$$00000030)
    .ARM.Collect$$libinit$$00000032          0x0800017c   Section        0  libinit2.o(.ARM.Collect$$libinit$$00000032)
    .ARM.Collect$$libinit$$00000033          0x0800017c   Section        2  libinit2.o(.ARM.Collect$$libinit$$00000033)
    .ARM.Collect$$libshutdown$$00000000      0x0800017e   Section        2  libshutdown.o(.ARM.Collect$$libshutdown$$00000000)
    .ARM.Collect$$libshutdown$$00000002      0x08000180   Section        0  libshutdown2.o(.ARM.Collect$$libshutdown$$00000002)
    .ARM.Collect$$libshutdown$$00000004      0x08000180   Section        0  libshutdown2.o(.ARM.Collect$$libshutdown$$00000004)
    .ARM.Collect$$libshutdown$$00000007      0x08000180   Section        0  libshutdown2.o(.ARM.Collect$$libshutdown$$00000007)
    .ARM.Collect$$libshutdown$$0000000A      0x08000180   Section        0  libshutdown2.o(.ARM.Collect$$libshutdown$$0000000A)
    .ARM.Collect$$libshutdown$$0000000C      0x08000180   Section        0  libshutdown2.o(.ARM.Collect$$libshutdown$$0000000C)
    .ARM.Collect$$libshutdown$$0000000F      0x08000180   Section        0  libshutdown2.o(.ARM.Collect$$libshutdown$$0000000F)
    .ARM.Collect$$libshutdown$$00000010      0x08000180   Section        2  libshutdown2.o(.ARM.Collect$$libshutdown$$00000010)
    .ARM.Collect$$rtentry$$00000000          0x08000182   Section        0  __rtentry.o(.ARM.Collect$$rtentry$$00000000)
    .ARM.Collect$$rtentry$$00000002          0x08000182   Section        0  __rtentry2.o(.ARM.Collect$$rtentry$$00000002)
    .ARM.Collect$$rtentry$$00000004          0x08000182   Section        6  __rtentry4.o(.ARM.Collect$$rtentry$$00000004)
    .ARM.Collect$$rtentry$$00000009          0x08000188   Section        0  __rtentry2.o(.ARM.Collect$$rtentry$$00000009)
    .ARM.Collect$$rtentry$$0000000A          0x08000188   Section        4  __rtentry2.o(.ARM.Collect$$rtentry$$0000000A)
    .ARM.Collect$$rtentry$$0000000C          0x0800018c   Section        0  __rtentry2.o(.ARM.Collect$$rtentry$$0000000C)
    .ARM.Collect$$rtentry$$0000000D          0x0800018c   Section        8  __rtentry2.o(.ARM.Collect$$rtentry$$0000000D)
    .ARM.Collect$$rtexit$$00000000           0x08000194   Section        2  rtexit.o(.ARM.Collect$$rtexit$$00000000)
    .ARM.Collect$$rtexit$$00000002           0x08000196   Section        0  rtexit2.o(.ARM.Collect$$rtexit$$00000002)
    .ARM.Collect$$rtexit$$00000003           0x08000196   Section        4  rtexit2.o(.ARM.Collect$$rtexit$$00000003)
    .ARM.Collect$$rtexit$$00000004           0x0800019a   Section        6  rtexit2.o(.ARM.Collect$$rtexit$$00000004)
    .text                                    0x080001a0   Section       64  startup_stm32f10x_md.o(.text)
    .text                                    0x080001e0   Section        2  use_no_semi_2.o(.text)
    .text                                    0x080001e4   Section        0  noretval__2printf.o(.text)
    .text                                    0x080001fc   Section        0  __printf_flags_wp.o(.text)
    .text                                    0x08000334   Section       78  rt_memclr_w.o(.text)
    .text                                    0x08000382   Section        0  heapauxi.o(.text)
    .text                                    0x08000388   Section        2  use_no_semi.o(.text)
    .text                                    0x0800038a   Section        0  _printf_fp_dec.o(.text)
    _fp_digits                               0x0800038d   Thumb Code   432  _printf_fp_dec.o(.text)
    .text                                    0x080007a8   Section        0  _printf_char_file.o(.text)
    .text                                    0x080007cc   Section        8  rt_locale_intlibspace.o(.text)
    .text                                    0x080007d4   Section      138  lludiv10.o(.text)
    .text                                    0x08000860   Section        0  _printf_char_common.o(.text)
    _printf_input_char                       0x08000861   Thumb Code    10  _printf_char_common.o(.text)
    .text                                    0x08000890   Section        0  _printf_fp_infnan.o(.text)
    .text                                    0x08000910   Section        0  bigflt0.o(.text)
    .text                                    0x080009f4   Section        0  ferror.o(.text)
    .text                                    0x080009fc   Section        8  libspace.o(.text)
    .text                                    0x08000a04   Section       74  sys_stackheap_outer.o(.text)
    .text                                    0x08000a4e   Section        0  exit.o(.text)
    .text                                    0x08000a60   Section      128  strcmpv7m.o(.text)
    CL$$btod_d2e                             0x08000ae0   Section       62  btod.o(CL$$btod_d2e)
    CL$$btod_d2e_denorm_low                  0x08000b1e   Section       70  btod.o(CL$$btod_d2e_denorm_low)
    CL$$btod_d2e_norm_op1                    0x08000b64   Section       96  btod.o(CL$$btod_d2e_norm_op1)
    CL$$btod_div_common                      0x08000bc4   Section      824  btod.o(CL$$btod_div_common)
    CL$$btod_e2e                             0x08000efc   Section      220  btod.o(CL$$btod_e2e)
    CL$$btod_ediv                            0x08000fd8   Section       42  btod.o(CL$$btod_ediv)
    CL$$btod_emul                            0x08001002   Section       42  btod.o(CL$$btod_emul)
    CL$$btod_mult_common                     0x0800102c   Section      580  btod.o(CL$$btod_mult_common)
    i.BusFault_Handler                       0x08001270   Section        0  stm32f10x_it.o(i.BusFault_Handler)
    i.DebugMon_Handler                       0x08001274   Section        0  stm32f10x_it.o(i.DebugMon_Handler)
    i.GPIO_Init                              0x08001276   Section        0  stm32f10x_gpio.o(i.GPIO_Init)
    i.GPIO_PinRemapConfig                    0x0800138c   Section        0  stm32f10x_gpio.o(i.GPIO_PinRemapConfig)
    i.HardFault_Handler                      0x0800141c   Section        0  stm32f10x_it.o(i.HardFault_Handler)
    i.I2c_Soft_Ask                           0x08001420   Section        0  i2c_soft.o(i.I2c_Soft_Ask)
    i.I2c_Soft_Init                          0x0800146c   Section        0  i2c_soft.o(i.I2c_Soft_Init)
    i.I2c_Soft_NoAsk                         0x08001498   Section        0  i2c_soft.o(i.I2c_Soft_NoAsk)
    i.I2c_Soft_ReadByte                      0x080014e8   Section        0  i2c_soft.o(i.I2c_Soft_ReadByte)
    i.I2c_Soft_SendByte                      0x08001564   Section        0  i2c_soft.o(i.I2c_Soft_SendByte)
    i.I2c_Soft_Start                         0x080015d8   Section        0  i2c_soft.o(i.I2c_Soft_Start)
    i.I2c_Soft_Stop                          0x08001644   Section        0  i2c_soft.o(i.I2c_Soft_Stop)
    i.I2c_Soft_WaitAsk                       0x08001694   Section        0  i2c_soft.o(i.I2c_Soft_WaitAsk)
    i.I2c_Soft_delay                         0x08001708   Section        0  i2c_soft.o(i.I2c_Soft_delay)
    i.IIC_Read_nByte                         0x08001738   Section        0  i2c_soft.o(i.IIC_Read_nByte)
    i.IIC_Write_nByte                        0x080017a4   Section        0  i2c_soft.o(i.IIC_Write_nByte)
    i.MemManage_Handler                      0x080017f2   Section        0  stm32f10x_it.o(i.MemManage_Handler)
    i.NMI_Handler                            0x080017f6   Section        0  stm32f10x_it.o(i.NMI_Handler)
    i.PendSV_Handler                         0x080017f8   Section        0  stm32f10x_it.o(i.PendSV_Handler)
    i.RCC_APB1PeriphClockCmd                 0x080017fc   Section        0  stm32f10x_rcc.o(i.RCC_APB1PeriphClockCmd)
    i.RCC_APB2PeriphClockCmd                 0x0800181c   Section        0  stm32f10x_rcc.o(i.RCC_APB2PeriphClockCmd)
    i.RCC_GetClocksFreq                      0x0800183c   Section        0  stm32f10x_rcc.o(i.RCC_GetClocksFreq)
    i.SVC_Handler                            0x08001910   Section        0  stm32f10x_it.o(i.SVC_Handler)
    i.SetSysClock                            0x08001912   Section        0  system_stm32f10x.o(i.SetSysClock)
    SetSysClock                              0x08001913   Thumb Code     8  system_stm32f10x.o(i.SetSysClock)
    i.SetSysClockTo72                        0x0800191c   Section        0  system_stm32f10x.o(i.SetSysClockTo72)
    SetSysClockTo72                          0x0800191d   Thumb Code   214  system_stm32f10x.o(i.SetSysClockTo72)
    i.SysTick_CLKSourceConfig                0x080019fc   Section        0  misc.o(i.SysTick_CLKSourceConfig)
    i.SysTick_Handler                        0x08001a24   Section        0  config.o(i.SysTick_Handler)
    i.SystemCoreClockUpdate                  0x08001a28   Section        0  system_stm32f10x.o(i.SystemCoreClockUpdate)
    i.SystemInit                             0x08001acc   Section        0  system_stm32f10x.o(i.SystemInit)
    i.USART_Cmd                              0x08001b2c   Section        0  stm32f10x_usart.o(i.USART_Cmd)
    i.USART_GetFlagStatus                    0x08001b44   Section        0  stm32f10x_usart.o(i.USART_GetFlagStatus)
    i.USART_Init                             0x08001b60   Section        0  stm32f10x_usart.o(i.USART_Init)
    i.USART_SendData                         0x08001c38   Section        0  stm32f10x_usart.o(i.USART_SendData)
    i.UsageFault_Handler                     0x08001c40   Section        0  stm32f10x_it.o(i.UsageFault_Handler)
    i.__ARM_fpclassify                       0x08001c44   Section        0  fpclassify.o(i.__ARM_fpclassify)
    i._is_digit                              0x08001c6c   Section        0  __printf_wp.o(i._is_digit)
    i._sys_exit                              0x08001c7a   Section        0  usart.o(i._sys_exit)
    i.are_settings_changed                   0x08001c7e   Section        0  bme280.o(i.are_settings_changed)
    are_settings_changed                     0x08001c7f   Thumb Code    18  bme280.o(i.are_settings_changed)
    i.bme280_compensate_data                 0x08001c90   Section        0  bme280.o(i.bme280_compensate_data)
    i.bme280_get_regs                        0x08001cf6   Section        0  bme280.o(i.bme280_get_regs)
    i.bme280_get_sensor_data                 0x08001d32   Section        0  bme280.o(i.bme280_get_sensor_data)
    i.bme280_get_sensor_mode                 0x08001d88   Section        0  bme280.o(i.bme280_get_sensor_mode)
    i.bme280_init                            0x08001db2   Section        0  bme280.o(i.bme280_init)
    i.bme280_parse_sensor_data               0x08001e14   Section        0  bme280.o(i.bme280_parse_sensor_data)
    i.bme280_set_regs                        0x08001e4c   Section        0  bme280.o(i.bme280_set_regs)
    i.bme280_set_sensor_mode                 0x08001eea   Section        0  bme280.o(i.bme280_set_sensor_mode)
    i.bme280_set_sensor_settings             0x08001f24   Section        0  bme280.o(i.bme280_set_sensor_settings)
    i.bme280_soft_reset                      0x08001f86   Section        0  bme280.o(i.bme280_soft_reset)
    i.compensate_humidity                    0x08001fb4   Section        0  bme280.o(i.compensate_humidity)
    compensate_humidity                      0x08001fb5   Thumb Code   426  bme280.o(i.compensate_humidity)
    i.compensate_pressure                    0x08002180   Section        0  bme280.o(i.compensate_pressure)
    compensate_pressure                      0x08002181   Thumb Code   660  bme280.o(i.compensate_pressure)
    i.compensate_temperature                 0x08002448   Section        0  bme280.o(i.compensate_temperature)
    compensate_temperature                   0x08002449   Thumb Code   310  bme280.o(i.compensate_temperature)
    i.delay_init                             0x08002598   Section        0  delay.o(i.delay_init)
    i.device_init                            0x080025d4   Section        0  config.o(i.device_init)
    device_init                              0x080025d5   Thumb Code    24  config.o(i.device_init)
    i.driver_init                            0x080025ec   Section        0  config.o(i.driver_init)
    driver_init                              0x080025ed   Thumb Code     2  config.o(i.driver_init)
    i.fill_filter_settings                   0x080025ee   Section        0  bme280.o(i.fill_filter_settings)
    fill_filter_settings                     0x080025ef   Thumb Code    12  bme280.o(i.fill_filter_settings)
    i.fill_osr_press_settings                0x080025fa   Section        0  bme280.o(i.fill_osr_press_settings)
    fill_osr_press_settings                  0x080025fb   Thumb Code    12  bme280.o(i.fill_osr_press_settings)
    i.fill_osr_temp_settings                 0x08002606   Section        0  bme280.o(i.fill_osr_temp_settings)
    fill_osr_temp_settings                   0x08002607   Thumb Code    12  bme280.o(i.fill_osr_temp_settings)
    i.fill_standby_settings                  0x08002612   Section        0  bme280.o(i.fill_standby_settings)
    fill_standby_settings                    0x08002613   Thumb Code    12  bme280.o(i.fill_standby_settings)
    i.fputc                                  0x08002620   Section        0  usart.o(i.fputc)
    i.get_calib_data                         0x08002644   Section        0  bme280.o(i.get_calib_data)
    get_calib_data                           0x08002645   Thumb Code    72  bme280.o(i.get_calib_data)
    i.interleave_reg_addr                    0x0800268c   Section        0  bme280.o(i.interleave_reg_addr)
    interleave_reg_addr                      0x0800268d   Thumb Code    34  bme280.o(i.interleave_reg_addr)
    i.main                                   0x080026b0   Section        0  main.o(i.main)
    i.null_ptr_check                         0x08002720   Section        0  bme280.o(i.null_ptr_check)
    null_ptr_check                           0x08002721   Thumb Code    26  bme280.o(i.null_ptr_check)
    i.parse_device_settings                  0x0800273a   Section        0  bme280.o(i.parse_device_settings)
    parse_device_settings                    0x0800273b   Thumb Code    38  bme280.o(i.parse_device_settings)
    i.parse_humidity_calib_data              0x08002760   Section        0  bme280.o(i.parse_humidity_calib_data)
    parse_humidity_calib_data                0x08002761   Thumb Code    70  bme280.o(i.parse_humidity_calib_data)
    i.parse_temp_press_calib_data            0x080027a6   Section        0  bme280.o(i.parse_temp_press_calib_data)
    parse_temp_press_calib_data              0x080027a7   Thumb Code   154  bme280.o(i.parse_temp_press_calib_data)
    i.port_init                              0x08002840   Section        0  config.o(i.port_init)
    port_init                                0x08002841   Thumb Code    72  config.o(i.port_init)
    i.print_sensor_data                      0x08002890   Section        0  bme280_application.o(i.print_sensor_data)
    i.put_device_to_sleep                    0x08002908   Section        0  bme280.o(i.put_device_to_sleep)
    put_device_to_sleep                      0x08002909   Thumb Code    52  bme280.o(i.put_device_to_sleep)
    i.reload_device_settings                 0x0800293c   Section        0  bme280.o(i.reload_device_settings)
    reload_device_settings                   0x0800293d   Thumb Code    36  bme280.o(i.reload_device_settings)
    i.set_filter_standby_settings            0x08002960   Section        0  bme280.o(i.set_filter_standby_settings)
    set_filter_standby_settings              0x08002961   Thumb Code    80  bme280.o(i.set_filter_standby_settings)
    i.set_osr_humidity_settings              0x080029b0   Section        0  bme280.o(i.set_osr_humidity_settings)
    set_osr_humidity_settings                0x080029b1   Thumb Code    74  bme280.o(i.set_osr_humidity_settings)
    i.set_osr_press_temp_settings            0x080029fa   Section        0  bme280.o(i.set_osr_press_temp_settings)
    set_osr_press_temp_settings              0x080029fb   Thumb Code    80  bme280.o(i.set_osr_press_temp_settings)
    i.set_osr_settings                       0x08002a4a   Section        0  bme280.o(i.set_osr_settings)
    set_osr_settings                         0x08002a4b   Thumb Code    52  bme280.o(i.set_osr_settings)
    i.stream_sensor_data_normal_mode         0x08002a80   Section        0  bme280_application.o(i.stream_sensor_data_normal_mode)
    i.system_clock_set                       0x08002b1c   Section        0  config.o(i.system_clock_set)
    system_clock_set                         0x08002b1d   Thumb Code   280  config.o(i.system_clock_set)
    i.system_init                            0x08002c44   Section        0  config.o(i.system_init)
    i.system_tick_init                       0x08002c54   Section        0  config.o(i.system_tick_init)
    system_tick_init                         0x08002c55   Thumb Code    20  config.o(i.system_tick_init)
    i.usart2_Init                            0x08002c68   Section        0  config.o(i.usart2_Init)
    usart2_Init                              0x08002c69   Thumb Code    56  config.o(i.usart2_Init)
    i.user_delay_ms                          0x08002ca4   Section        0  delay.o(i.user_delay_ms)
    i.user_i2c_read                          0x08002cf0   Section        0  i2c_soft.o(i.user_i2c_read)
    i.user_i2c_write                         0x08002d14   Section        0  i2c_soft.o(i.user_i2c_write)
    i.write_power_mode                       0x08002d38   Section        0  bme280.o(i.write_power_mode)
    write_power_mode                         0x08002d39   Thumb Code    56  bme280.o(i.write_power_mode)
    locale$$code                             0x08002d70   Section       44  lc_numeric_c.o(locale$$code)
    x$fpl$dadd                               0x08002d9c   Section      336  daddsub_clz.o(x$fpl$dadd)
    _dadd1                                   0x08002dad   Thumb Code     0  daddsub_clz.o(x$fpl$dadd)
    x$fpl$dcmpinf                            0x08002eec   Section       24  dcmpi.o(x$fpl$dcmpinf)
    x$fpl$ddiv                               0x08002f04   Section      688  ddiv.o(x$fpl$ddiv)
    ddiv_entry                               0x08002f0b   Thumb Code     0  ddiv.o(x$fpl$ddiv)
    x$fpl$deqf                               0x080031b4   Section      120  deqf.o(x$fpl$deqf)
    x$fpl$dfix                               0x0800322c   Section       94  dfix.o(x$fpl$dfix)
    x$fpl$dflt                               0x0800328a   Section       46  dflt_clz.o(x$fpl$dflt)
    x$fpl$dfltu                              0x080032b8   Section       38  dflt_clz.o(x$fpl$dfltu)
    x$fpl$dleqf                              0x080032e0   Section      120  dleqf.o(x$fpl$dleqf)
    x$fpl$dmul                               0x08003358   Section      340  dmul.o(x$fpl$dmul)
    x$fpl$dnaninf                            0x080034ac   Section      156  dnaninf.o(x$fpl$dnaninf)
    x$fpl$dretinf                            0x08003548   Section       12  dretinf.o(x$fpl$dretinf)
    x$fpl$drleqf                             0x08003554   Section      108  drleqf.o(x$fpl$drleqf)
    x$fpl$drsb                               0x080035c0   Section       22  daddsub_clz.o(x$fpl$drsb)
    x$fpl$dsub                               0x080035d8   Section      468  daddsub_clz.o(x$fpl$dsub)
    _dsub1                                   0x080035e9   Thumb Code     0  daddsub_clz.o(x$fpl$dsub)
    x$fpl$printf1                            0x080037ac   Section        4  printf1.o(x$fpl$printf1)
    .constdata                               0x080037b0   Section       17  __printf_flags_wp.o(.constdata)
    x$fpl$usenofp                            0x080037b0   Section        0  usenofp.o(x$fpl$usenofp)
    maptable                                 0x080037b0   Data          17  __printf_flags_wp.o(.constdata)
    .constdata                               0x080037c4   Section      148  bigflt0.o(.constdata)
    tenpwrs_x                                0x080037c4   Data          60  bigflt0.o(.constdata)
    tenpwrs_i                                0x08003800   Data          64  bigflt0.o(.constdata)
    .conststring                             0x08003858   Section       67  main.o(.conststring)
    locale$$data                             0x080038bc   Section       28  lc_numeric_c.o(locale$$data)
    __lcnum_c_name                           0x080038c0   Data           2  lc_numeric_c.o(locale$$data)
    __lcnum_c_start                          0x080038c8   Data           0  lc_numeric_c.o(locale$$data)
    __lcnum_c_point                          0x080038d4   Data           0  lc_numeric_c.o(locale$$data)
    __lcnum_c_thousands                      0x080038d6   Data           0  lc_numeric_c.o(locale$$data)
    __lcnum_c_grouping                       0x080038d7   Data           0  lc_numeric_c.o(locale$$data)
    __lcnum_c_end                            0x080038d8   Data           0  lc_numeric_c.o(locale$$data)
    .data                                    0x20000000   Section        1  i2c_soft.o(.data)
    .data                                    0x20000004   Section       20  system_stm32f10x.o(.data)
    .data                                    0x20000018   Section       20  stm32f10x_rcc.o(.data)
    APBAHBPrescTable                         0x20000018   Data          16  stm32f10x_rcc.o(.data)
    ADCPrescTable                            0x20000028   Data           4  stm32f10x_rcc.o(.data)
    .data                                    0x2000002c   Section        4  delay.o(.data)
    s_chFacMicro                             0x2000002c   Data           1  delay.o(.data)
    s_hwFacMill                              0x2000002e   Data           2  delay.o(.data)
    .data                                    0x20000030   Section        4  usart.o(.data)
    .bss                                     0x20000034   Section       96  libspace.o(.bss)
    HEAP                                     0x20000098   Section      512  startup_stm32f10x_md.o(HEAP)
    Heap_Mem                                 0x20000098   Data         512  startup_stm32f10x_md.o(HEAP)
    STACK                                    0x20000298   Section     1024  startup_stm32f10x_md.o(STACK)
    Stack_Mem                                0x20000298   Data        1024  startup_stm32f10x_md.o(STACK)
    __initial_sp                             0x20000698   Data           0  startup_stm32f10x_md.o(STACK)

    Global Symbols

    Symbol Name                              Value     Ov Type        Size  Object(Section)

    BuildAttributes$$THM_ISAv4$P$D$K$B$S$PE$A:L22UL41UL21$X:L11$S22US41US21$IEEE1$IW$USESV6$~STKCKD$USESV7$~SHL$OTIME$ROPI$IEEEJ$EBA8$UX$STANDARDLIB$REQ8$PRES8$EABIv2 0x00000000   Number         0  anon$$obj.o ABSOLUTE
    __ARM_use_no_argv                        0x00000000   Number         0  main.o ABSOLUTE
    _printf_flags                            0x00000000   Number         0  printf_stubs.o ABSOLUTE
    _printf_return_value                     0x00000000   Number         0  printf_stubs.o ABSOLUTE
    _printf_sizespec                         0x00000000   Number         0  printf_stubs.o ABSOLUTE
    _printf_widthprec                        0x00000000   Number         0  printf_stubs.o ABSOLUTE
    __ARM_exceptions_init                     - Undefined Weak Reference
    __alloca_initialize                       - Undefined Weak Reference
    __arm_preinit_                            - Undefined Weak Reference
    __cpp_initialize__aeabi_                  - Undefined Weak Reference
    __cxa_finalize                            - Undefined Weak Reference
    __sigvec_lookup                           - Undefined Weak Reference
    _atexit_init                              - Undefined Weak Reference
    _call_atexit_fns                          - Undefined Weak Reference
    _clock_init                               - Undefined Weak Reference
    _fp_trap_init                             - Undefined Weak Reference
    _fp_trap_shutdown                         - Undefined Weak Reference
    _get_lc_collate                           - Undefined Weak Reference
    _get_lc_ctype                             - Undefined Weak Reference
    _get_lc_monetary                          - Undefined Weak Reference
    _get_lc_time                              - Undefined Weak Reference
    _getenv_init                              - Undefined Weak Reference
    _handle_redirection                       - Undefined Weak Reference
    _init_alloc                               - Undefined Weak Reference
    _init_user_alloc                          - Undefined Weak Reference
    _initio                                   - Undefined Weak Reference
    _mutex_acquire                            - Undefined Weak Reference
    _mutex_release                            - Undefined Weak Reference
    _printf_post_padding                      - Undefined Weak Reference
    _printf_pre_padding                       - Undefined Weak Reference
    _rand_init                                - Undefined Weak Reference
    _signal_finish                            - Undefined Weak Reference
    _signal_init                              - Undefined Weak Reference
    _terminate_alloc                          - Undefined Weak Reference
    _terminate_user_alloc                     - Undefined Weak Reference
    _terminateio                              - Undefined Weak Reference
    __Vectors_Size                           0x000000ec   Number         0  startup_stm32f10x_md.o ABSOLUTE
    __Vectors                                0x08000000   Data           4  startup_stm32f10x_md.o(RESET)
    __Vectors_End                            0x080000ec   Data           0  startup_stm32f10x_md.o(RESET)
    __main                                   0x080000ed   Thumb Code     8  __main.o(!!!main)
    __scatterload                            0x080000f5   Thumb Code     0  __scatter.o(!!!scatter)
    __scatterload_rt2                        0x080000f5   Thumb Code    44  __scatter.o(!!!scatter)
    __scatterload_rt2_thumb_only             0x080000f5   Thumb Code     0  __scatter.o(!!!scatter)
    __scatterload_null                       0x08000103   Thumb Code     0  __scatter.o(!!!scatter)
    __scatterload_copy                       0x08000129   Thumb Code    26  __scatter_copy.o(!!handler_copy)
    __scatterload_zeroinit                   0x08000145   Thumb Code    28  __scatter_zi.o(!!handler_zi)
    _printf_f                                0x08000161   Thumb Code     0  _printf_f.o(.ARM.Collect$$_printf_percent$$00000003)
    _printf_percent                          0x08000161   Thumb Code     0  _printf_percent.o(.ARM.Collect$$_printf_percent$$00000000)
    _printf_percent_end                      0x08000167   Thumb Code     0  _printf_percent_end.o(.ARM.Collect$$_printf_percent$$00000017)
    __rt_lib_init                            0x0800016b   Thumb Code     0  libinit.o(.ARM.Collect$$libinit$$00000000)
    __rt_lib_init_fp_1                       0x0800016d   Thumb Code     0  libinit2.o(.ARM.Collect$$libinit$$00000002)
    __rt_lib_init_heap_1                     0x0800016d   Thumb Code     0  libinit2.o(.ARM.Collect$$libinit$$0000000A)
    __rt_lib_init_lc_common                  0x0800016d   Thumb Code     0  libinit2.o(.ARM.Collect$$libinit$$0000000F)
    __rt_lib_init_preinit_1                  0x0800016d   Thumb Code     0  libinit2.o(.ARM.Collect$$libinit$$00000004)
    __rt_lib_init_rand_1                     0x0800016d   Thumb Code     0  libinit2.o(.ARM.Collect$$libinit$$0000000E)
    __rt_lib_init_user_alloc_1               0x0800016d   Thumb Code     0  libinit2.o(.ARM.Collect$$libinit$$0000000C)
    __rt_lib_init_lc_collate_1               0x08000173   Thumb Code     0  libinit2.o(.ARM.Collect$$libinit$$00000011)
    __rt_lib_init_lc_ctype_1                 0x08000173   Thumb Code     0  libinit2.o(.ARM.Collect$$libinit$$00000013)
    __rt_lib_init_lc_monetary_1              0x08000173   Thumb Code     0  libinit2.o(.ARM.Collect$$libinit$$00000015)
    __rt_lib_init_lc_numeric_2               0x08000173   Thumb Code     0  libinit2.o(.ARM.Collect$$libinit$$00000016)
    __rt_lib_init_alloca_1                   0x0800017d   Thumb Code     0  libinit2.o(.ARM.Collect$$libinit$$0000002E)
    __rt_lib_init_argv_1                     0x0800017d   Thumb Code     0  libinit2.o(.ARM.Collect$$libinit$$0000002C)
    __rt_lib_init_atexit_1                   0x0800017d   Thumb Code     0  libinit2.o(.ARM.Collect$$libinit$$0000001B)
    __rt_lib_init_clock_1                    0x0800017d   Thumb Code     0  libinit2.o(.ARM.Collect$$libinit$$00000021)
    __rt_lib_init_cpp_1                      0x0800017d   Thumb Code     0  libinit2.o(.ARM.Collect$$libinit$$00000032)
    __rt_lib_init_exceptions_1               0x0800017d   Thumb Code     0  libinit2.o(.ARM.Collect$$libinit$$00000030)
    __rt_lib_init_fp_trap_1                  0x0800017d   Thumb Code     0  libinit2.o(.ARM.Collect$$libinit$$0000001F)
    __rt_lib_init_getenv_1                   0x0800017d   Thumb Code     0  libinit2.o(.ARM.Collect$$libinit$$00000023)
    __rt_lib_init_lc_numeric_1               0x0800017d   Thumb Code     0  libinit2.o(.ARM.Collect$$libinit$$00000017)
    __rt_lib_init_lc_time_1                  0x0800017d   Thumb Code     0  libinit2.o(.ARM.Collect$$libinit$$00000019)
    __rt_lib_init_return                     0x0800017d   Thumb Code     0  libinit2.o(.ARM.Collect$$libinit$$00000033)
    __rt_lib_init_signal_1                   0x0800017d   Thumb Code     0  libinit2.o(.ARM.Collect$$libinit$$0000001D)
    __rt_lib_init_stdio_1                    0x0800017d   Thumb Code     0  libinit2.o(.ARM.Collect$$libinit$$00000025)
    __rt_lib_shutdown                        0x0800017f   Thumb Code     0  libshutdown.o(.ARM.Collect$$libshutdown$$00000000)
    __rt_lib_shutdown_cpp_1                  0x08000181   Thumb Code     0  libshutdown2.o(.ARM.Collect$$libshutdown$$00000002)
    __rt_lib_shutdown_fp_trap_1              0x08000181   Thumb Code     0  libshutdown2.o(.ARM.Collect$$libshutdown$$00000007)
    __rt_lib_shutdown_heap_1                 0x08000181   Thumb Code     0  libshutdown2.o(.ARM.Collect$$libshutdown$$0000000F)
    __rt_lib_shutdown_return                 0x08000181   Thumb Code     0  libshutdown2.o(.ARM.Collect$$libshutdown$$00000010)
    __rt_lib_shutdown_signal_1               0x08000181   Thumb Code     0  libshutdown2.o(.ARM.Collect$$libshutdown$$0000000A)
    __rt_lib_shutdown_stdio_1                0x08000181   Thumb Code     0  libshutdown2.o(.ARM.Collect$$libshutdown$$00000004)
    __rt_lib_shutdown_user_alloc_1           0x08000181   Thumb Code     0  libshutdown2.o(.ARM.Collect$$libshutdown$$0000000C)
    __rt_entry                               0x08000183   Thumb Code     0  __rtentry.o(.ARM.Collect$$rtentry$$00000000)
    __rt_entry_presh_1                       0x08000183   Thumb Code     0  __rtentry2.o(.ARM.Collect$$rtentry$$00000002)
    __rt_entry_sh                            0x08000183   Thumb Code     0  __rtentry4.o(.ARM.Collect$$rtentry$$00000004)
    __rt_entry_li                            0x08000189   Thumb Code     0  __rtentry2.o(.ARM.Collect$$rtentry$$0000000A)
    __rt_entry_postsh_1                      0x08000189   Thumb Code     0  __rtentry2.o(.ARM.Collect$$rtentry$$00000009)
    __rt_entry_main                          0x0800018d   Thumb Code     0  __rtentry2.o(.ARM.Collect$$rtentry$$0000000D)
    __rt_entry_postli_1                      0x0800018d   Thumb Code     0  __rtentry2.o(.ARM.Collect$$rtentry$$0000000C)
    __rt_exit                                0x08000195   Thumb Code     0  rtexit.o(.ARM.Collect$$rtexit$$00000000)
    __rt_exit_ls                             0x08000197   Thumb Code     0  rtexit2.o(.ARM.Collect$$rtexit$$00000003)
    __rt_exit_prels_1                        0x08000197   Thumb Code     0  rtexit2.o(.ARM.Collect$$rtexit$$00000002)
    __rt_exit_exit                           0x0800019b   Thumb Code     0  rtexit2.o(.ARM.Collect$$rtexit$$00000004)
    Reset_Handler                            0x080001a1   Thumb Code     8  startup_stm32f10x_md.o(.text)
    ADC1_2_IRQHandler                        0x080001bb   Thumb Code     0  startup_stm32f10x_md.o(.text)
    CAN1_RX1_IRQHandler                      0x080001bb   Thumb Code     0  startup_stm32f10x_md.o(.text)
    CAN1_SCE_IRQHandler                      0x080001bb   Thumb Code     0  startup_stm32f10x_md.o(.text)
    DMA1_Channel1_IRQHandler                 0x080001bb   Thumb Code     0  startup_stm32f10x_md.o(.text)
    DMA1_Channel2_IRQHandler                 0x080001bb   Thumb Code     0  startup_stm32f10x_md.o(.text)
    DMA1_Channel3_IRQHandler                 0x080001bb   Thumb Code     0  startup_stm32f10x_md.o(.text)
    DMA1_Channel4_IRQHandler                 0x080001bb   Thumb Code     0  startup_stm32f10x_md.o(.text)
    DMA1_Channel5_IRQHandler                 0x080001bb   Thumb Code     0  startup_stm32f10x_md.o(.text)
    DMA1_Channel6_IRQHandler                 0x080001bb   Thumb Code     0  startup_stm32f10x_md.o(.text)
    DMA1_Channel7_IRQHandler                 0x080001bb   Thumb Code     0  startup_stm32f10x_md.o(.text)
    EXTI0_IRQHandler                         0x080001bb   Thumb Code     0  startup_stm32f10x_md.o(.text)
    EXTI15_10_IRQHandler                     0x080001bb   Thumb Code     0  startup_stm32f10x_md.o(.text)
    EXTI1_IRQHandler                         0x080001bb   Thumb Code     0  startup_stm32f10x_md.o(.text)
    EXTI2_IRQHandler                         0x080001bb   Thumb Code     0  startup_stm32f10x_md.o(.text)
    EXTI3_IRQHandler                         0x080001bb   Thumb Code     0  startup_stm32f10x_md.o(.text)
    EXTI4_IRQHandler                         0x080001bb   Thumb Code     0  startup_stm32f10x_md.o(.text)
    EXTI9_5_IRQHandler                       0x080001bb   Thumb Code     0  startup_stm32f10x_md.o(.text)
    FLASH_IRQHandler                         0x080001bb   Thumb Code     0  startup_stm32f10x_md.o(.text)
    I2C1_ER_IRQHandler                       0x080001bb   Thumb Code     0  startup_stm32f10x_md.o(.text)
    I2C1_EV_IRQHandler                       0x080001bb   Thumb Code     0  startup_stm32f10x_md.o(.text)
    I2C2_ER_IRQHandler                       0x080001bb   Thumb Code     0  startup_stm32f10x_md.o(.text)
    I2C2_EV_IRQHandler                       0x080001bb   Thumb Code     0  startup_stm32f10x_md.o(.text)
    PVD_IRQHandler                           0x080001bb   Thumb Code     0  startup_stm32f10x_md.o(.text)
    RCC_IRQHandler                           0x080001bb   Thumb Code     0  startup_stm32f10x_md.o(.text)
    RTCAlarm_IRQHandler                      0x080001bb   Thumb Code     0  startup_stm32f10x_md.o(.text)
    RTC_IRQHandler                           0x080001bb   Thumb Code     0  startup_stm32f10x_md.o(.text)
    SPI1_IRQHandler                          0x080001bb   Thumb Code     0  startup_stm32f10x_md.o(.text)
    SPI2_IRQHandler                          0x080001bb   Thumb Code     0  startup_stm32f10x_md.o(.text)
    TAMPER_IRQHandler                        0x080001bb   Thumb Code     0  startup_stm32f10x_md.o(.text)
    TIM1_BRK_IRQHandler                      0x080001bb   Thumb Code     0  startup_stm32f10x_md.o(.text)
    TIM1_CC_IRQHandler                       0x080001bb   Thumb Code     0  startup_stm32f10x_md.o(.text)
    TIM1_TRG_COM_IRQHandler                  0x080001bb   Thumb Code     0  startup_stm32f10x_md.o(.text)
    TIM1_UP_IRQHandler                       0x080001bb   Thumb Code     0  startup_stm32f10x_md.o(.text)
    TIM2_IRQHandler                          0x080001bb   Thumb Code     0  startup_stm32f10x_md.o(.text)
    TIM3_IRQHandler                          0x080001bb   Thumb Code     0  startup_stm32f10x_md.o(.text)
    TIM4_IRQHandler                          0x080001bb   Thumb Code     0  startup_stm32f10x_md.o(.text)
    USART1_IRQHandler                        0x080001bb   Thumb Code     0  startup_stm32f10x_md.o(.text)
    USART2_IRQHandler                        0x080001bb   Thumb Code     0  startup_stm32f10x_md.o(.text)
    USART3_IRQHandler                        0x080001bb   Thumb Code     0  startup_stm32f10x_md.o(.text)
    USBWakeUp_IRQHandler                     0x080001bb   Thumb Code     0  startup_stm32f10x_md.o(.text)
    USB_HP_CAN1_TX_IRQHandler                0x080001bb   Thumb Code     0  startup_stm32f10x_md.o(.text)
    USB_LP_CAN1_RX0_IRQHandler               0x080001bb   Thumb Code     0  startup_stm32f10x_md.o(.text)
    WWDG_IRQHandler                          0x080001bb   Thumb Code     0  startup_stm32f10x_md.o(.text)
    __user_initial_stackheap                 0x080001bd   Thumb Code     0  startup_stm32f10x_md.o(.text)
    __use_no_semihosting                     0x080001e1   Thumb Code     2  use_no_semi_2.o(.text)
    __2printf                                0x080001e5   Thumb Code    20  noretval__2printf.o(.text)
    __printf                                 0x080001fd   Thumb Code   308  __printf_flags_wp.o(.text)
    __aeabi_memclr4                          0x08000335   Thumb Code     0  rt_memclr_w.o(.text)
    __aeabi_memclr8                          0x08000335   Thumb Code     0  rt_memclr_w.o(.text)
    __rt_memclr_w                            0x08000335   Thumb Code    78  rt_memclr_w.o(.text)
    _memset_w                                0x08000339   Thumb Code     0  rt_memclr_w.o(.text)
    __use_two_region_memory                  0x08000383   Thumb Code     2  heapauxi.o(.text)
    __rt_heap_escrow$2region                 0x08000385   Thumb Code     2  heapauxi.o(.text)
    __rt_heap_expand$2region                 0x08000387   Thumb Code     2  heapauxi.o(.text)
    __I$use$semihosting                      0x08000389   Thumb Code     0  use_no_semi.o(.text)
    __use_no_semihosting_swi                 0x08000389   Thumb Code     2  use_no_semi.o(.text)
    __lib_sel_fp_printf                      0x0800038b   Thumb Code     2  _printf_fp_dec.o(.text)
    _printf_fp_dec_real                      0x0800053d   Thumb Code   620  _printf_fp_dec.o(.text)
    _printf_char_file                        0x080007a9   Thumb Code    32  _printf_char_file.o(.text)
    __rt_locale                              0x080007cd   Thumb Code     8  rt_locale_intlibspace.o(.text)
    _ll_udiv10                               0x080007d5   Thumb Code   138  lludiv10.o(.text)
    _printf_char_common                      0x0800086b   Thumb Code    32  _printf_char_common.o(.text)
    _printf_fp_infnan                        0x08000891   Thumb Code   112  _printf_fp_infnan.o(.text)
    _btod_etento                             0x08000911   Thumb Code   224  bigflt0.o(.text)
    ferror                                   0x080009f5   Thumb Code     8  ferror.o(.text)
    __user_libspace                          0x080009fd   Thumb Code     8  libspace.o(.text)
    __user_perproc_libspace                  0x080009fd   Thumb Code     0  libspace.o(.text)
    __user_perthread_libspace                0x080009fd   Thumb Code     0  libspace.o(.text)
    __user_setup_stackheap                   0x08000a05   Thumb Code    74  sys_stackheap_outer.o(.text)
    exit                                     0x08000a4f   Thumb Code    18  exit.o(.text)
    strcmp                                   0x08000a61   Thumb Code   128  strcmpv7m.o(.text)
    _btod_d2e                                0x08000ae1   Thumb Code    62  btod.o(CL$$btod_d2e)
    _d2e_denorm_low                          0x08000b1f   Thumb Code    70  btod.o(CL$$btod_d2e_denorm_low)
    _d2e_norm_op1                            0x08000b65   Thumb Code    96  btod.o(CL$$btod_d2e_norm_op1)
    __btod_div_common                        0x08000bc5   Thumb Code   696  btod.o(CL$$btod_div_common)
    _e2e                                     0x08000efd   Thumb Code   220  btod.o(CL$$btod_e2e)
    _btod_ediv                               0x08000fd9   Thumb Code    42  btod.o(CL$$btod_ediv)
    _btod_emul                               0x08001003   Thumb Code    42  btod.o(CL$$btod_emul)
    __btod_mult_common                       0x0800102d   Thumb Code   580  btod.o(CL$$btod_mult_common)
    BusFault_Handler                         0x08001271   Thumb Code     4  stm32f10x_it.o(i.BusFault_Handler)
    DebugMon_Handler                         0x08001275   Thumb Code     2  stm32f10x_it.o(i.DebugMon_Handler)
    GPIO_Init                                0x08001277   Thumb Code   278  stm32f10x_gpio.o(i.GPIO_Init)
    GPIO_PinRemapConfig                      0x0800138d   Thumb Code   138  stm32f10x_gpio.o(i.GPIO_PinRemapConfig)
    HardFault_Handler                        0x0800141d   Thumb Code     4  stm32f10x_it.o(i.HardFault_Handler)
    I2c_Soft_Ask                             0x08001421   Thumb Code    72  i2c_soft.o(i.I2c_Soft_Ask)
    I2c_Soft_Init                            0x0800146d   Thumb Code    38  i2c_soft.o(i.I2c_Soft_Init)
    I2c_Soft_NoAsk                           0x08001499   Thumb Code    76  i2c_soft.o(i.I2c_Soft_NoAsk)
    I2c_Soft_ReadByte                        0x080014e9   Thumb Code   120  i2c_soft.o(i.I2c_Soft_ReadByte)
    I2c_Soft_SendByte                        0x08001565   Thumb Code   112  i2c_soft.o(i.I2c_Soft_SendByte)
    I2c_Soft_Start                           0x080015d9   Thumb Code   104  i2c_soft.o(i.I2c_Soft_Start)
    I2c_Soft_Stop                            0x08001645   Thumb Code    76  i2c_soft.o(i.I2c_Soft_Stop)
    I2c_Soft_WaitAsk                         0x08001695   Thumb Code   112  i2c_soft.o(i.I2c_Soft_WaitAsk)
    I2c_Soft_delay                           0x08001709   Thumb Code    42  i2c_soft.o(i.I2c_Soft_delay)
    IIC_Read_nByte                           0x08001739   Thumb Code   108  i2c_soft.o(i.IIC_Read_nByte)
    IIC_Write_nByte                          0x080017a5   Thumb Code    78  i2c_soft.o(i.IIC_Write_nByte)
    MemManage_Handler                        0x080017f3   Thumb Code     4  stm32f10x_it.o(i.MemManage_Handler)
    NMI_Handler                              0x080017f7   Thumb Code     2  stm32f10x_it.o(i.NMI_Handler)
    PendSV_Handler                           0x080017f9   Thumb Code     2  stm32f10x_it.o(i.PendSV_Handler)
    RCC_APB1PeriphClockCmd                   0x080017fd   Thumb Code    26  stm32f10x_rcc.o(i.RCC_APB1PeriphClockCmd)
    RCC_APB2PeriphClockCmd                   0x0800181d   Thumb Code    26  stm32f10x_rcc.o(i.RCC_APB2PeriphClockCmd)
    RCC_GetClocksFreq                        0x0800183d   Thumb Code   192  stm32f10x_rcc.o(i.RCC_GetClocksFreq)
    SVC_Handler                              0x08001911   Thumb Code     2  stm32f10x_it.o(i.SVC_Handler)
    SysTick_CLKSourceConfig                  0x080019fd   Thumb Code    40  misc.o(i.SysTick_CLKSourceConfig)
    SysTick_Handler                          0x08001a25   Thumb Code     2  config.o(i.SysTick_Handler)
    SystemCoreClockUpdate                    0x08001a29   Thumb Code   142  system_stm32f10x.o(i.SystemCoreClockUpdate)
    SystemInit                               0x08001acd   Thumb Code    78  system_stm32f10x.o(i.SystemInit)
    USART_Cmd                                0x08001b2d   Thumb Code    24  stm32f10x_usart.o(i.USART_Cmd)
    USART_GetFlagStatus                      0x08001b45   Thumb Code    26  stm32f10x_usart.o(i.USART_GetFlagStatus)
    USART_Init                               0x08001b61   Thumb Code   210  stm32f10x_usart.o(i.USART_Init)
    USART_SendData                           0x08001c39   Thumb Code     8  stm32f10x_usart.o(i.USART_SendData)
    UsageFault_Handler                       0x08001c41   Thumb Code     4  stm32f10x_it.o(i.UsageFault_Handler)
    __ARM_fpclassify                         0x08001c45   Thumb Code    40  fpclassify.o(i.__ARM_fpclassify)
    _is_digit                                0x08001c6d   Thumb Code    14  __printf_wp.o(i._is_digit)
    _sys_exit                                0x08001c7b   Thumb Code     4  usart.o(i._sys_exit)
    bme280_compensate_data                   0x08001c91   Thumb Code   102  bme280.o(i.bme280_compensate_data)
    bme280_get_regs                          0x08001cf7   Thumb Code    60  bme280.o(i.bme280_get_regs)
    bme280_get_sensor_data                   0x08001d33   Thumb Code    86  bme280.o(i.bme280_get_sensor_data)
    bme280_get_sensor_mode                   0x08001d89   Thumb Code    42  bme280.o(i.bme280_get_sensor_mode)
    bme280_init                              0x08001db3   Thumb Code    98  bme280.o(i.bme280_init)
    bme280_parse_sensor_data                 0x08001e15   Thumb Code    56  bme280.o(i.bme280_parse_sensor_data)
    bme280_set_regs                          0x08001e4d   Thumb Code   158  bme280.o(i.bme280_set_regs)
    bme280_set_sensor_mode                   0x08001eeb   Thumb Code    58  bme280.o(i.bme280_set_sensor_mode)
    bme280_set_sensor_settings               0x08001f25   Thumb Code    98  bme280.o(i.bme280_set_sensor_settings)
    bme280_soft_reset                        0x08001f87   Thumb Code    46  bme280.o(i.bme280_soft_reset)
    delay_init                               0x08002599   Thumb Code    48  delay.o(i.delay_init)
    fputc                                    0x08002621   Thumb Code    32  usart.o(i.fputc)
    main                                     0x080026b1   Thumb Code    78  main.o(i.main)
    print_sensor_data                        0x08002891   Thumb Code    52  bme280_application.o(i.print_sensor_data)
    stream_sensor_data_normal_mode           0x08002a81   Thumb Code   100  bme280_application.o(i.stream_sensor_data_normal_mode)
    system_init                              0x08002c45   Thumb Code    16  config.o(i.system_init)
    user_delay_ms                            0x08002ca5   Thumb Code    72  delay.o(i.user_delay_ms)
    user_i2c_read                            0x08002cf1   Thumb Code    32  i2c_soft.o(i.user_i2c_read)
    user_i2c_write                           0x08002d15   Thumb Code    32  i2c_soft.o(i.user_i2c_write)
    _get_lc_numeric                          0x08002d71   Thumb Code    44  lc_numeric_c.o(locale$$code)
    __aeabi_dadd                             0x08002d9d   Thumb Code     0  daddsub_clz.o(x$fpl$dadd)
    _dadd                                    0x08002d9d   Thumb Code   332  daddsub_clz.o(x$fpl$dadd)
    __fpl_dcmp_Inf                           0x08002eed   Thumb Code    24  dcmpi.o(x$fpl$dcmpinf)
    __aeabi_ddiv                             0x08002f05   Thumb Code     0  ddiv.o(x$fpl$ddiv)
    _ddiv                                    0x08002f05   Thumb Code   552  ddiv.o(x$fpl$ddiv)
    __aeabi_cdcmpeq                          0x080031b5   Thumb Code     0  deqf.o(x$fpl$deqf)
    _dcmpeq                                  0x080031b5   Thumb Code   120  deqf.o(x$fpl$deqf)
    __aeabi_d2iz                             0x0800322d   Thumb Code     0  dfix.o(x$fpl$dfix)
    _dfix                                    0x0800322d   Thumb Code    94  dfix.o(x$fpl$dfix)
    __aeabi_i2d                              0x0800328b   Thumb Code     0  dflt_clz.o(x$fpl$dflt)
    _dflt                                    0x0800328b   Thumb Code    46  dflt_clz.o(x$fpl$dflt)
    __aeabi_ui2d                             0x080032b9   Thumb Code     0  dflt_clz.o(x$fpl$dfltu)
    _dfltu                                   0x080032b9   Thumb Code    38  dflt_clz.o(x$fpl$dfltu)
    __aeabi_cdcmple                          0x080032e1   Thumb Code     0  dleqf.o(x$fpl$dleqf)
    _dcmple                                  0x080032e1   Thumb Code   120  dleqf.o(x$fpl$dleqf)
    __fpl_dcmple_InfNaN                      0x08003343   Thumb Code     0  dleqf.o(x$fpl$dleqf)
    __aeabi_dmul                             0x08003359   Thumb Code     0  dmul.o(x$fpl$dmul)
    _dmul                                    0x08003359   Thumb Code   332  dmul.o(x$fpl$dmul)
    __fpl_dnaninf                            0x080034ad   Thumb Code   156  dnaninf.o(x$fpl$dnaninf)
    __fpl_dretinf                            0x08003549   Thumb Code    12  dretinf.o(x$fpl$dretinf)
    __aeabi_cdrcmple                         0x08003555   Thumb Code     0  drleqf.o(x$fpl$drleqf)
    _drcmple                                 0x08003555   Thumb Code   108  drleqf.o(x$fpl$drleqf)
    __aeabi_drsub                            0x080035c1   Thumb Code     0  daddsub_clz.o(x$fpl$drsb)
    _drsb                                    0x080035c1   Thumb Code    22  daddsub_clz.o(x$fpl$drsb)
    __aeabi_dsub                             0x080035d9   Thumb Code     0  daddsub_clz.o(x$fpl$dsub)
    _dsub                                    0x080035d9   Thumb Code   464  daddsub_clz.o(x$fpl$dsub)
    _printf_fp_dec                           0x080037ad   Thumb Code     4  printf1.o(x$fpl$printf1)
    __I$use$fp                               0x080037b0   Number         0  usenofp.o(x$fpl$usenofp)
    Region$$Table$$Base                      0x0800389c   Number         0  anon$$obj.o(Region$$Table)
    Region$$Table$$Limit                     0x080038bc   Number         0  anon$$obj.o(Region$$Table)
    I2C_FastMode                             0x20000000   Data           1  i2c_soft.o(.data)
    SystemCoreClock                          0x20000004   Data           4  system_stm32f10x.o(.data)
    AHBPrescTable                            0x20000008   Data          16  system_stm32f10x.o(.data)
    __stdout                                 0x20000030   Data           4  usart.o(.data)
    __libspace_start                         0x20000034   Data          96  libspace.o(.bss)
    __temporary_stack_top$libspace           0x20000094   Data           0  libspace.o(.bss)



==============================================================================

Memory Map of the image

  Image Entry point : 0x080000ed

  Load Region LR_IROM1 (Base: 0x08000000, Size: 0x0000390c, Max: 0x00020000, ABSOLUTE)

    Execution Region ER_IROM1 (Exec base: 0x08000000, Load base: 0x08000000, Size: 0x000038d8, Max: 0x00020000, ABSOLUTE)

    Exec Addr    Load Addr    Size         Type   Attr      Idx    E Section Name        Object

    0x08000000   0x08000000   0x000000ec   Data   RO          523    RESET               startup_stm32f10x_md.o
    0x080000ec   0x080000ec   0x00000008   Code   RO         1438  * !!!main             c_w.l(__main.o)
    0x080000f4   0x080000f4   0x00000034   Code   RO         1686    !!!scatter          c_w.l(__scatter.o)
    0x08000128   0x08000128   0x0000001a   Code   RO         1688    !!handler_copy      c_w.l(__scatter_copy.o)
    0x08000142   0x08000142   0x00000002   PAD
    0x08000144   0x08000144   0x0000001c   Code   RO         1690    !!handler_zi        c_w.l(__scatter_zi.o)
    0x08000160   0x08000160   0x00000000   Code   RO         1433    .ARM.Collect$$_printf_percent$$00000000  c_w.l(_printf_percent.o)
    0x08000160   0x08000160   0x00000006   Code   RO         1432    .ARM.Collect$$_printf_percent$$00000003  c_w.l(_printf_f.o)
    0x08000166   0x08000166   0x00000004   Code   RO         1477    .ARM.Collect$$_printf_percent$$00000017  c_w.l(_printf_percent_end.o)
    0x0800016a   0x0800016a   0x00000002   Code   RO         1563    .ARM.Collect$$libinit$$00000000  c_w.l(libinit.o)
    0x0800016c   0x0800016c   0x00000000   Code   RO         1565    .ARM.Collect$$libinit$$00000002  c_w.l(libinit2.o)
    0x0800016c   0x0800016c   0x00000000   Code   RO         1567    .ARM.Collect$$libinit$$00000004  c_w.l(libinit2.o)
    0x0800016c   0x0800016c   0x00000000   Code   RO         1570    .ARM.Collect$$libinit$$0000000A  c_w.l(libinit2.o)
    0x0800016c   0x0800016c   0x00000000   Code   RO         1572    .ARM.Collect$$libinit$$0000000C  c_w.l(libinit2.o)
    0x0800016c   0x0800016c   0x00000000   Code   RO         1574    .ARM.Collect$$libinit$$0000000E  c_w.l(libinit2.o)
    0x0800016c   0x0800016c   0x00000006   Code   RO         1575    .ARM.Collect$$libinit$$0000000F  c_w.l(libinit2.o)
    0x08000172   0x08000172   0x00000000   Code   RO         1577    .ARM.Collect$$libinit$$00000011  c_w.l(libinit2.o)
    0x08000172   0x08000172   0x00000000   Code   RO         1579    .ARM.Collect$$libinit$$00000013  c_w.l(libinit2.o)
    0x08000172   0x08000172   0x00000000   Code   RO         1581    .ARM.Collect$$libinit$$00000015  c_w.l(libinit2.o)
    0x08000172   0x08000172   0x0000000a   Code   RO         1582    .ARM.Collect$$libinit$$00000016  c_w.l(libinit2.o)
    0x0800017c   0x0800017c   0x00000000   Code   RO         1583    .ARM.Collect$$libinit$$00000017  c_w.l(libinit2.o)
    0x0800017c   0x0800017c   0x00000000   Code   RO         1585    .ARM.Collect$$libinit$$00000019  c_w.l(libinit2.o)
    0x0800017c   0x0800017c   0x00000000   Code   RO         1587    .ARM.Collect$$libinit$$0000001B  c_w.l(libinit2.o)
    0x0800017c   0x0800017c   0x00000000   Code   RO         1589    .ARM.Collect$$libinit$$0000001D  c_w.l(libinit2.o)
    0x0800017c   0x0800017c   0x00000000   Code   RO         1591    .ARM.Collect$$libinit$$0000001F  c_w.l(libinit2.o)
    0x0800017c   0x0800017c   0x00000000   Code   RO         1593    .ARM.Collect$$libinit$$00000021  c_w.l(libinit2.o)
    0x0800017c   0x0800017c   0x00000000   Code   RO         1595    .ARM.Collect$$libinit$$00000023  c_w.l(libinit2.o)
    0x0800017c   0x0800017c   0x00000000   Code   RO         1597    .ARM.Collect$$libinit$$00000025  c_w.l(libinit2.o)
    0x0800017c   0x0800017c   0x00000000   Code   RO         1601    .ARM.Collect$$libinit$$0000002C  c_w.l(libinit2.o)
    0x0800017c   0x0800017c   0x00000000   Code   RO         1603    .ARM.Collect$$libinit$$0000002E  c_w.l(libinit2.o)
    0x0800017c   0x0800017c   0x00000000   Code   RO         1605    .ARM.Collect$$libinit$$00000030  c_w.l(libinit2.o)
    0x0800017c   0x0800017c   0x00000000   Code   RO         1607    .ARM.Collect$$libinit$$00000032  c_w.l(libinit2.o)
    0x0800017c   0x0800017c   0x00000002   Code   RO         1608    .ARM.Collect$$libinit$$00000033  c_w.l(libinit2.o)
    0x0800017e   0x0800017e   0x00000002   Code   RO         1636    .ARM.Collect$$libshutdown$$00000000  c_w.l(libshutdown.o)
    0x08000180   0x08000180   0x00000000   Code   RO         1645    .ARM.Collect$$libshutdown$$00000002  c_w.l(libshutdown2.o)
    0x08000180   0x08000180   0x00000000   Code   RO         1647    .ARM.Collect$$libshutdown$$00000004  c_w.l(libshutdown2.o)
    0x08000180   0x08000180   0x00000000   Code   RO         1650    .ARM.Collect$$libshutdown$$00000007  c_w.l(libshutdown2.o)
    0x08000180   0x08000180   0x00000000   Code   RO         1653    .ARM.Collect$$libshutdown$$0000000A  c_w.l(libshutdown2.o)
    0x08000180   0x08000180   0x00000000   Code   RO         1655    .ARM.Collect$$libshutdown$$0000000C  c_w.l(libshutdown2.o)
    0x08000180   0x08000180   0x00000000   Code   RO         1658    .ARM.Collect$$libshutdown$$0000000F  c_w.l(libshutdown2.o)
    0x08000180   0x08000180   0x00000002   Code   RO         1659    .ARM.Collect$$libshutdown$$00000010  c_w.l(libshutdown2.o)
    0x08000182   0x08000182   0x00000000   Code   RO         1472    .ARM.Collect$$rtentry$$00000000  c_w.l(__rtentry.o)
    0x08000182   0x08000182   0x00000000   Code   RO         1486    .ARM.Collect$$rtentry$$00000002  c_w.l(__rtentry2.o)
    0x08000182   0x08000182   0x00000006   Code   RO         1498    .ARM.Collect$$rtentry$$00000004  c_w.l(__rtentry4.o)
    0x08000188   0x08000188   0x00000000   Code   RO         1488    .ARM.Collect$$rtentry$$00000009  c_w.l(__rtentry2.o)
    0x08000188   0x08000188   0x00000004   Code   RO         1489    .ARM.Collect$$rtentry$$0000000A  c_w.l(__rtentry2.o)
    0x0800018c   0x0800018c   0x00000000   Code   RO         1491    .ARM.Collect$$rtentry$$0000000C  c_w.l(__rtentry2.o)
    0x0800018c   0x0800018c   0x00000008   Code   RO         1492    .ARM.Collect$$rtentry$$0000000D  c_w.l(__rtentry2.o)
    0x08000194   0x08000194   0x00000002   Code   RO         1609    .ARM.Collect$$rtexit$$00000000  c_w.l(rtexit.o)
    0x08000196   0x08000196   0x00000000   Code   RO         1616    .ARM.Collect$$rtexit$$00000002  c_w.l(rtexit2.o)
    0x08000196   0x08000196   0x00000004   Code   RO         1617    .ARM.Collect$$rtexit$$00000003  c_w.l(rtexit2.o)
    0x0800019a   0x0800019a   0x00000006   Code   RO         1618    .ARM.Collect$$rtexit$$00000004  c_w.l(rtexit2.o)
    0x080001a0   0x080001a0   0x00000040   Code   RO          524    .text               startup_stm32f10x_md.o
    0x080001e0   0x080001e0   0x00000002   Code   RO         1404    .text               c_w.l(use_no_semi_2.o)
    0x080001e2   0x080001e2   0x00000002   PAD
    0x080001e4   0x080001e4   0x00000018   Code   RO         1408    .text               c_w.l(noretval__2printf.o)
    0x080001fc   0x080001fc   0x00000138   Code   RO         1424    .text               c_w.l(__printf_flags_wp.o)
    0x08000334   0x08000334   0x0000004e   Code   RO         1434    .text               c_w.l(rt_memclr_w.o)
    0x08000382   0x08000382   0x00000006   Code   RO         1436    .text               c_w.l(heapauxi.o)
    0x08000388   0x08000388   0x00000002   Code   RO         1470    .text               c_w.l(use_no_semi.o)
    0x0800038a   0x0800038a   0x0000041e   Code   RO         1473    .text               c_w.l(_printf_fp_dec.o)
    0x080007a8   0x080007a8   0x00000024   Code   RO         1475    .text               c_w.l(_printf_char_file.o)
    0x080007cc   0x080007cc   0x00000008   Code   RO         1503    .text               c_w.l(rt_locale_intlibspace.o)
    0x080007d4   0x080007d4   0x0000008a   Code   RO         1505    .text               c_w.l(lludiv10.o)
    0x0800085e   0x0800085e   0x00000002   PAD
    0x08000860   0x08000860   0x00000030   Code   RO         1507    .text               c_w.l(_printf_char_common.o)
    0x08000890   0x08000890   0x00000080   Code   RO         1509    .text               c_w.l(_printf_fp_infnan.o)
    0x08000910   0x08000910   0x000000e4   Code   RO         1511    .text               c_w.l(bigflt0.o)
    0x080009f4   0x080009f4   0x00000008   Code   RO         1536    .text               c_w.l(ferror.o)
    0x080009fc   0x080009fc   0x00000008   Code   RO         1547    .text               c_w.l(libspace.o)
    0x08000a04   0x08000a04   0x0000004a   Code   RO         1550    .text               c_w.l(sys_stackheap_outer.o)
    0x08000a4e   0x08000a4e   0x00000012   Code   RO         1554    .text               c_w.l(exit.o)
    0x08000a60   0x08000a60   0x00000080   Code   RO         1556    .text               c_w.l(strcmpv7m.o)
    0x08000ae0   0x08000ae0   0x0000003e   Code   RO         1514    CL$$btod_d2e        c_w.l(btod.o)
    0x08000b1e   0x08000b1e   0x00000046   Code   RO         1516    CL$$btod_d2e_denorm_low  c_w.l(btod.o)
    0x08000b64   0x08000b64   0x00000060   Code   RO         1515    CL$$btod_d2e_norm_op1  c_w.l(btod.o)
    0x08000bc4   0x08000bc4   0x00000338   Code   RO         1524    CL$$btod_div_common  c_w.l(btod.o)
    0x08000efc   0x08000efc   0x000000dc   Code   RO         1521    CL$$btod_e2e        c_w.l(btod.o)
    0x08000fd8   0x08000fd8   0x0000002a   Code   RO         1518    CL$$btod_ediv       c_w.l(btod.o)
    0x08001002   0x08001002   0x0000002a   Code   RO         1517    CL$$btod_emul       c_w.l(btod.o)
    0x0800102c   0x0800102c   0x00000244   Code   RO         1523    CL$$btod_mult_common  c_w.l(btod.o)
    0x08001270   0x08001270   0x00000004   Code   RO         1284    i.BusFault_Handler  stm32f10x_it.o
    0x08001274   0x08001274   0x00000002   Code   RO         1285    i.DebugMon_Handler  stm32f10x_it.o
    0x08001276   0x08001276   0x00000116   Code   RO          950    i.GPIO_Init         stm32f10x_gpio.o
    0x0800138c   0x0800138c   0x00000090   Code   RO          952    i.GPIO_PinRemapConfig  stm32f10x_gpio.o
    0x0800141c   0x0800141c   0x00000004   Code   RO         1286    i.HardFault_Handler  stm32f10x_it.o
    0x08001420   0x08001420   0x0000004c   Code   RO          311    i.I2c_Soft_Ask      i2c_soft.o
    0x0800146c   0x0800146c   0x0000002c   Code   RO          312    i.I2c_Soft_Init     i2c_soft.o
    0x08001498   0x08001498   0x00000050   Code   RO          313    i.I2c_Soft_NoAsk    i2c_soft.o
    0x080014e8   0x080014e8   0x0000007c   Code   RO          314    i.I2c_Soft_ReadByte  i2c_soft.o
    0x08001564   0x08001564   0x00000074   Code   RO          315    i.I2c_Soft_SendByte  i2c_soft.o
    0x080015d8   0x080015d8   0x0000006c   Code   RO          316    i.I2c_Soft_Start    i2c_soft.o
    0x08001644   0x08001644   0x00000050   Code   RO          317    i.I2c_Soft_Stop     i2c_soft.o
    0x08001694   0x08001694   0x00000074   Code   RO          318    i.I2c_Soft_WaitAsk  i2c_soft.o
    0x08001708   0x08001708   0x00000030   Code   RO          319    i.I2c_Soft_delay    i2c_soft.o
    0x08001738   0x08001738   0x0000006c   Code   RO          321    i.IIC_Read_nByte    i2c_soft.o
    0x080017a4   0x080017a4   0x0000004e   Code   RO          323    i.IIC_Write_nByte   i2c_soft.o
    0x080017f2   0x080017f2   0x00000004   Code   RO         1287    i.MemManage_Handler  stm32f10x_it.o
    0x080017f6   0x080017f6   0x00000002   Code   RO         1288    i.NMI_Handler       stm32f10x_it.o
    0x080017f8   0x080017f8   0x00000002   Code   RO         1289    i.PendSV_Handler    stm32f10x_it.o
    0x080017fa   0x080017fa   0x00000002   PAD
    0x080017fc   0x080017fc   0x00000020   Code   RO          566    i.RCC_APB1PeriphClockCmd  stm32f10x_rcc.o
    0x0800181c   0x0800181c   0x00000020   Code   RO          568    i.RCC_APB2PeriphClockCmd  stm32f10x_rcc.o
    0x0800183c   0x0800183c   0x000000d4   Code   RO          576    i.RCC_GetClocksFreq  stm32f10x_rcc.o
    0x08001910   0x08001910   0x00000002   Code   RO         1290    i.SVC_Handler       stm32f10x_it.o
    0x08001912   0x08001912   0x00000008   Code   RO          487    i.SetSysClock       system_stm32f10x.o
    0x0800191a   0x0800191a   0x00000002   PAD
    0x0800191c   0x0800191c   0x000000e0   Code   RO          488    i.SetSysClockTo72   system_stm32f10x.o
    0x080019fc   0x080019fc   0x00000028   Code   RO          532    i.SysTick_CLKSourceConfig  misc.o
    0x08001a24   0x08001a24   0x00000002   Code   RO         1202    i.SysTick_Handler   config.o
    0x08001a26   0x08001a26   0x00000002   PAD
    0x08001a28   0x08001a28   0x000000a4   Code   RO          489    i.SystemCoreClockUpdate  system_stm32f10x.o
    0x08001acc   0x08001acc   0x00000060   Code   RO          490    i.SystemInit        system_stm32f10x.o
    0x08001b2c   0x08001b2c   0x00000018   Code   RO          768    i.USART_Cmd         stm32f10x_usart.o
    0x08001b44   0x08001b44   0x0000001a   Code   RO          771    i.USART_GetFlagStatus  stm32f10x_usart.o
    0x08001b5e   0x08001b5e   0x00000002   PAD
    0x08001b60   0x08001b60   0x000000d8   Code   RO          775    i.USART_Init        stm32f10x_usart.o
    0x08001c38   0x08001c38   0x00000008   Code   RO          785    i.USART_SendData    stm32f10x_usart.o
    0x08001c40   0x08001c40   0x00000004   Code   RO         1291    i.UsageFault_Handler  stm32f10x_it.o
    0x08001c44   0x08001c44   0x00000028   Code   RO         1545    i.__ARM_fpclassify  m_ws.l(fpclassify.o)
    0x08001c6c   0x08001c6c   0x0000000e   Code   RO         1422    i._is_digit         c_w.l(__printf_wp.o)
    0x08001c7a   0x08001c7a   0x00000004   Code   RO         1377    i._sys_exit         usart.o
    0x08001c7e   0x08001c7e   0x00000012   Code   RO          114    i.are_settings_changed  bme280.o
    0x08001c90   0x08001c90   0x00000066   Code   RO          115    i.bme280_compensate_data  bme280.o
    0x08001cf6   0x08001cf6   0x0000003c   Code   RO          116    i.bme280_get_regs   bme280.o
    0x08001d32   0x08001d32   0x00000056   Code   RO          117    i.bme280_get_sensor_data  bme280.o
    0x08001d88   0x08001d88   0x0000002a   Code   RO          118    i.bme280_get_sensor_mode  bme280.o
    0x08001db2   0x08001db2   0x00000062   Code   RO          120    i.bme280_init       bme280.o
    0x08001e14   0x08001e14   0x00000038   Code   RO          121    i.bme280_parse_sensor_data  bme280.o
    0x08001e4c   0x08001e4c   0x0000009e   Code   RO          122    i.bme280_set_regs   bme280.o
    0x08001eea   0x08001eea   0x0000003a   Code   RO          123    i.bme280_set_sensor_mode  bme280.o
    0x08001f24   0x08001f24   0x00000062   Code   RO          124    i.bme280_set_sensor_settings  bme280.o
    0x08001f86   0x08001f86   0x0000002e   Code   RO          125    i.bme280_soft_reset  bme280.o
    0x08001fb4   0x08001fb4   0x000001cc   Code   RO          126    i.compensate_humidity  bme280.o
    0x08002180   0x08002180   0x000002c8   Code   RO          127    i.compensate_pressure  bme280.o
    0x08002448   0x08002448   0x00000150   Code   RO          128    i.compensate_temperature  bme280.o
    0x08002598   0x08002598   0x0000003c   Code   RO         1341    i.delay_init        delay.o
    0x080025d4   0x080025d4   0x00000018   Code   RO         1203    i.device_init       config.o
    0x080025ec   0x080025ec   0x00000002   Code   RO         1204    i.driver_init       config.o
    0x080025ee   0x080025ee   0x0000000c   Code   RO          129    i.fill_filter_settings  bme280.o
    0x080025fa   0x080025fa   0x0000000c   Code   RO          130    i.fill_osr_press_settings  bme280.o
    0x08002606   0x08002606   0x0000000c   Code   RO          131    i.fill_osr_temp_settings  bme280.o
    0x08002612   0x08002612   0x0000000c   Code   RO          132    i.fill_standby_settings  bme280.o
    0x0800261e   0x0800261e   0x00000002   PAD
    0x08002620   0x08002620   0x00000024   Code   RO         1378    i.fputc             usart.o
    0x08002644   0x08002644   0x00000048   Code   RO          133    i.get_calib_data    bme280.o
    0x0800268c   0x0800268c   0x00000022   Code   RO          134    i.interleave_reg_addr  bme280.o
    0x080026ae   0x080026ae   0x00000002   PAD
    0x080026b0   0x080026b0   0x00000070   Code   RO         1267    i.main              main.o
    0x08002720   0x08002720   0x0000001a   Code   RO          135    i.null_ptr_check    bme280.o
    0x0800273a   0x0800273a   0x00000026   Code   RO          136    i.parse_device_settings  bme280.o
    0x08002760   0x08002760   0x00000046   Code   RO          137    i.parse_humidity_calib_data  bme280.o
    0x080027a6   0x080027a6   0x0000009a   Code   RO          138    i.parse_temp_press_calib_data  bme280.o
    0x08002840   0x08002840   0x00000050   Code   RO         1205    i.port_init         config.o
    0x08002890   0x08002890   0x00000078   Code   RO            1    i.print_sensor_data  bme280_application.o
    0x08002908   0x08002908   0x00000034   Code   RO          139    i.put_device_to_sleep  bme280.o
    0x0800293c   0x0800293c   0x00000024   Code   RO          140    i.reload_device_settings  bme280.o
    0x08002960   0x08002960   0x00000050   Code   RO          141    i.set_filter_standby_settings  bme280.o
    0x080029b0   0x080029b0   0x0000004a   Code   RO          142    i.set_osr_humidity_settings  bme280.o
    0x080029fa   0x080029fa   0x00000050   Code   RO          143    i.set_osr_press_temp_settings  bme280.o
    0x08002a4a   0x08002a4a   0x00000034   Code   RO          144    i.set_osr_settings  bme280.o
    0x08002a7e   0x08002a7e   0x00000002   PAD
    0x08002a80   0x08002a80   0x0000009c   Code   RO            3    i.stream_sensor_data_normal_mode  bme280_application.o
    0x08002b1c   0x08002b1c   0x00000128   Code   RO         1206    i.system_clock_set  config.o
    0x08002c44   0x08002c44   0x00000010   Code   RO         1207    i.system_init       config.o
    0x08002c54   0x08002c54   0x00000014   Code   RO         1208    i.system_tick_init  config.o
    0x08002c68   0x08002c68   0x0000003c   Code   RO         1209    i.usart2_Init       config.o
    0x08002ca4   0x08002ca4   0x0000004c   Code   RO         1344    i.user_delay_ms     delay.o
    0x08002cf0   0x08002cf0   0x00000024   Code   RO          324    i.user_i2c_read     i2c_soft.o
    0x08002d14   0x08002d14   0x00000024   Code   RO          325    i.user_i2c_write    i2c_soft.o
    0x08002d38   0x08002d38   0x00000038   Code   RO          145    i.write_power_mode  bme280.o
    0x08002d70   0x08002d70   0x0000002c   Code   RO         1541    locale$$code        c_w.l(lc_numeric_c.o)
    0x08002d9c   0x08002d9c   0x00000150   Code   RO         1440    x$fpl$dadd          fz_ws.l(daddsub_clz.o)
    0x08002eec   0x08002eec   0x00000018   Code   RO         1478    x$fpl$dcmpinf       fz_ws.l(dcmpi.o)
    0x08002f04   0x08002f04   0x000002b0   Code   RO         1447    x$fpl$ddiv          fz_ws.l(ddiv.o)
    0x080031b4   0x080031b4   0x00000078   Code   RO         1450    x$fpl$deqf          fz_ws.l(deqf.o)
    0x0800322c   0x0800322c   0x0000005e   Code   RO         1452    x$fpl$dfix          fz_ws.l(dfix.o)
    0x0800328a   0x0800328a   0x0000002e   Code   RO         1457    x$fpl$dflt          fz_ws.l(dflt_clz.o)
    0x080032b8   0x080032b8   0x00000026   Code   RO         1456    x$fpl$dfltu         fz_ws.l(dflt_clz.o)
    0x080032de   0x080032de   0x00000002   PAD
    0x080032e0   0x080032e0   0x00000078   Code   RO         1462    x$fpl$dleqf         fz_ws.l(dleqf.o)
    0x08003358   0x08003358   0x00000154   Code   RO         1464    x$fpl$dmul          fz_ws.l(dmul.o)
    0x080034ac   0x080034ac   0x0000009c   Code   RO         1480    x$fpl$dnaninf       fz_ws.l(dnaninf.o)
    0x08003548   0x08003548   0x0000000c   Code   RO         1482    x$fpl$dretinf       fz_ws.l(dretinf.o)
    0x08003554   0x08003554   0x0000006c   Code   RO         1466    x$fpl$drleqf        fz_ws.l(drleqf.o)
    0x080035c0   0x080035c0   0x00000016   Code   RO         1441    x$fpl$drsb          fz_ws.l(daddsub_clz.o)
    0x080035d6   0x080035d6   0x00000002   PAD
    0x080035d8   0x080035d8   0x000001d4   Code   RO         1442    x$fpl$dsub          fz_ws.l(daddsub_clz.o)
    0x080037ac   0x080037ac   0x00000004   Code   RO         1468    x$fpl$printf1       fz_ws.l(printf1.o)
    0x080037b0   0x080037b0   0x00000000   Code   RO         1484    x$fpl$usenofp       fz_ws.l(usenofp.o)
    0x080037b0   0x080037b0   0x00000011   Data   RO         1425    .constdata          c_w.l(__printf_flags_wp.o)
    0x080037c1   0x080037c1   0x00000003   PAD
    0x080037c4   0x080037c4   0x00000094   Data   RO         1512    .constdata          c_w.l(bigflt0.o)
    0x08003858   0x08003858   0x00000043   Data   RO         1268    .conststring        main.o
    0x0800389b   0x0800389b   0x00000001   PAD
    0x0800389c   0x0800389c   0x00000020   Data   RO         1684    Region$$Table       anon$$obj.o
    0x080038bc   0x080038bc   0x0000001c   Data   RO         1540    locale$$data        c_w.l(lc_numeric_c.o)


    Execution Region RW_IRAM1 (Exec base: 0x20000000, Load base: 0x080038d8, Size: 0x00000698, Max: 0x00005000, ABSOLUTE)

    Exec Addr    Load Addr    Size         Type   Attr      Idx    E Section Name        Object

    0x20000000   0x080038d8   0x00000001   Data   RW          326    .data               i2c_soft.o
    0x20000001   0x080038d9   0x00000003   PAD
    0x20000004   0x080038dc   0x00000014   Data   RW          491    .data               system_stm32f10x.o
    0x20000018   0x080038f0   0x00000014   Data   RW          596    .data               stm32f10x_rcc.o
    0x2000002c   0x08003904   0x00000004   Data   RW         1345    .data               delay.o
    0x20000030   0x08003908   0x00000004   Data   RW         1379    .data               usart.o
    0x20000034        -       0x00000060   Zero   RW         1548    .bss                c_w.l(libspace.o)
    0x20000094   0x0800390c   0x00000004   PAD
    0x20000098        -       0x00000200   Zero   RW          522    HEAP                startup_stm32f10x_md.o
    0x20000298        -       0x00000400   Zero   RW          521    STACK               startup_stm32f10x_md.o


==============================================================================

Image component sizes


      Code (inc. data)   RO Data    RW Data    ZI Data      Debug   Object Name

      3202        112          0          0          0      21138   bme280.o
       276        124          0          0          0     235477   bme280_application.o
       500         28          0          0          0       3872   config.o
         0          0          0          0          0         32   core_cm3.o
       136         16          0          4          0       1229   delay.o
      1050         48          0          1          0       8372   i2c_soft.o
       112         34         67          0          0        535   main.o
        40          0          0          0          0        522   misc.o
        64         26        236          0       1536        836   startup_stm32f10x_md.o
       422          6          0          0          0       2930   stm32f10x_gpio.o
        24          0          0          0          0       3168   stm32f10x_it.o
       276         32          0         20          0       4554   stm32f10x_rcc.o
       274          6          0          0          0       4144   stm32f10x_usart.o
       492         50          0         20          0       3097   system_stm32f10x.o
        40          4          0          4          0       2842   usart.o

    ----------------------------------------------------------------------
      6922        486        336         52       1536     292748   Object Totals
         0          0         32          0          0          0   (incl. Generated)
        14          0          1          3          0          0   (incl. Padding)

    ----------------------------------------------------------------------

      Code (inc. data)   RO Data    RW Data    ZI Data      Debug   Library Member Name

         8          0          0          0          0         68   __main.o
       312          4         17          0          0         92   __printf_flags_wp.o
        14          0          0          0          0         68   __printf_wp.o
         0          0          0          0          0          0   __rtentry.o
        12          0          0          0          0          0   __rtentry2.o
         6          0          0          0          0          0   __rtentry4.o
        52          8          0          0          0          0   __scatter.o
        26          0          0          0          0          0   __scatter_copy.o
        28          0          0          0          0          0   __scatter_zi.o
        48          6          0          0          0         96   _printf_char_common.o
        36          4          0          0          0         80   _printf_char_file.o
         6          0          0          0          0          0   _printf_f.o
      1054          0          0          0          0        216   _printf_fp_dec.o
       128         16          0          0          0         84   _printf_fp_infnan.o
         0          0          0          0          0          0   _printf_percent.o
         4          0          0          0          0          0   _printf_percent_end.o
       228          4        148          0          0         96   bigflt0.o
      1936        128          0          0          0        672   btod.o
        18          0          0          0          0         80   exit.o
         8          0          0          0          0         68   ferror.o
         6          0          0          0          0        152   heapauxi.o
        44         10         28          0          0         76   lc_numeric_c.o
         2          0          0          0          0          0   libinit.o
        18          0          0          0          0          0   libinit2.o
         2          0          0          0          0          0   libshutdown.o
         2          0          0          0          0          0   libshutdown2.o
         8          4          0          0         96         68   libspace.o
       138          0          0          0          0         80   lludiv10.o
        24          4          0          0          0         84   noretval__2printf.o
         8          4          0          0          0         68   rt_locale_intlibspace.o
        78          0          0          0          0         80   rt_memclr_w.o
         2          0          0          0          0          0   rtexit.o
        10          0          0          0          0          0   rtexit2.o
       128          0          0          0          0         68   strcmpv7m.o
        74          0          0          0          0         80   sys_stackheap_outer.o
         2          0          0          0          0         68   use_no_semi.o
         2          0          0          0          0         68   use_no_semi_2.o
       826         16          0          0          0        348   daddsub_clz.o
        24          0          0          0          0         68   dcmpi.o
       688        140          0          0          0        208   ddiv.o
       120          4          0          0          0         92   deqf.o
        94          4          0          0          0         92   dfix.o
        84          0          0          0          0        136   dflt_clz.o
       120          4          0          0          0         92   dleqf.o
       340         12          0          0          0        104   dmul.o
       156          4          0          0          0         92   dnaninf.o
        12          0          0          0          0         68   dretinf.o
       108          0          0          0          0         80   drleqf.o
         4          0          0          0          0         68   printf1.o
         0          0          0          0          0          0   usenofp.o
        40          0          0          0          0         68   fpclassify.o

    ----------------------------------------------------------------------
      7098        376        196          0        100       4028   Library Totals
        10          0          3          0          4          0   (incl. Padding)

    ----------------------------------------------------------------------

      Code (inc. data)   RO Data    RW Data    ZI Data      Debug   Library Name

      4472        192        193          0         96       2512   c_w.l
      2576        184          0          0          0       1448   fz_ws.l
        40          0          0          0          0         68   m_ws.l

    ----------------------------------------------------------------------
      7098        376        196          0        100       4028   Library Totals

    ----------------------------------------------------------------------

==============================================================================


      Code (inc. data)   RO Data    RW Data    ZI Data      Debug   

     14020        862        532         52       1636     290584   Grand Totals
     14020        862        532         52       1636     290584   ELF Image Totals
     14020        862        532         52          0          0   ROM Totals

==============================================================================

    Total RO  Size (Code + RO Data)                14552 (  14.21kB)
    Total RW  Size (RW Data + ZI Data)              1688 (   1.65kB)
    Total ROM Size (Code + RO Data + RW Data)      14604 (  14.26kB)

==============================================================================

